Archive member included to satisfy reference by file (symbol)

C:/ST/STM32CubeIDE_1.15.1/STM32CubeIDE/plugins/com.st.stm32cube.ide.mcu.externaltools.gnu-tools-for-stm32.12.3.rel1.win32_1.0.100.202403111256/tools/bin/../lib/gcc/arm-none-eabi/12.3.1/../../../../arm-none-eabi/lib/thumb/v7e-m+fp/hard\libc_nano.a(libc_a-exit.o)
                              C:/ST/STM32CubeIDE_1.15.1/STM32CubeIDE/plugins/com.st.stm32cube.ide.mcu.externaltools.gnu-tools-for-stm32.12.3.rel1.win32_1.0.100.202403111256/tools/bin/../lib/gcc/arm-none-eabi/12.3.1/../../../../arm-none-eabi/lib/thumb/v7e-m+fp/hard/crt0.o (exit)
C:/ST/STM32CubeIDE_1.15.1/STM32CubeIDE/plugins/com.st.stm32cube.ide.mcu.externaltools.gnu-tools-for-stm32.12.3.rel1.win32_1.0.100.202403111256/tools/bin/../lib/gcc/arm-none-eabi/12.3.1/../../../../arm-none-eabi/lib/thumb/v7e-m+fp/hard\libc_nano.a(libc_a-findfp.o)
                              C:/ST/STM32CubeIDE_1.15.1/STM32CubeIDE/plugins/com.st.stm32cube.ide.mcu.externaltools.gnu-tools-for-stm32.12.3.rel1.win32_1.0.100.202403111256/tools/bin/../lib/gcc/arm-none-eabi/12.3.1/../../../../arm-none-eabi/lib/thumb/v7e-m+fp/hard\libc_nano.a(libc_a-exit.o) (__stdio_exit_handler)
C:/ST/STM32CubeIDE_1.15.1/STM32CubeIDE/plugins/com.st.stm32cube.ide.mcu.externaltools.gnu-tools-for-stm32.12.3.rel1.win32_1.0.100.202403111256/tools/bin/../lib/gcc/arm-none-eabi/12.3.1/../../../../arm-none-eabi/lib/thumb/v7e-m+fp/hard\libc_nano.a(libc_a-fwalk.o)
                              C:/ST/STM32CubeIDE_1.15.1/STM32CubeIDE/plugins/com.st.stm32cube.ide.mcu.externaltools.gnu-tools-for-stm32.12.3.rel1.win32_1.0.100.202403111256/tools/bin/../lib/gcc/arm-none-eabi/12.3.1/../../../../arm-none-eabi/lib/thumb/v7e-m+fp/hard\libc_nano.a(libc_a-findfp.o) (_fwalk_sglue)
C:/ST/STM32CubeIDE_1.15.1/STM32CubeIDE/plugins/com.st.stm32cube.ide.mcu.externaltools.gnu-tools-for-stm32.12.3.rel1.win32_1.0.100.202403111256/tools/bin/../lib/gcc/arm-none-eabi/12.3.1/../../../../arm-none-eabi/lib/thumb/v7e-m+fp/hard\libc_nano.a(libc_a-snprintf.o)
                              ./Src/main.o (snprintf)
C:/ST/STM32CubeIDE_1.15.1/STM32CubeIDE/plugins/com.st.stm32cube.ide.mcu.externaltools.gnu-tools-for-stm32.12.3.rel1.win32_1.0.100.202403111256/tools/bin/../lib/gcc/arm-none-eabi/12.3.1/../../../../arm-none-eabi/lib/thumb/v7e-m+fp/hard\libc_nano.a(libc_a-sprintf.o)
                              ./Src/main.o (sprintf)
C:/ST/STM32CubeIDE_1.15.1/STM32CubeIDE/plugins/com.st.stm32cube.ide.mcu.externaltools.gnu-tools-for-stm32.12.3.rel1.win32_1.0.100.202403111256/tools/bin/../lib/gcc/arm-none-eabi/12.3.1/../../../../arm-none-eabi/lib/thumb/v7e-m+fp/hard\libc_nano.a(libc_a-stdio.o)
                              C:/ST/STM32CubeIDE_1.15.1/STM32CubeIDE/plugins/com.st.stm32cube.ide.mcu.externaltools.gnu-tools-for-stm32.12.3.rel1.win32_1.0.100.202403111256/tools/bin/../lib/gcc/arm-none-eabi/12.3.1/../../../../arm-none-eabi/lib/thumb/v7e-m+fp/hard\libc_nano.a(libc_a-findfp.o) (__sread)
C:/ST/STM32CubeIDE_1.15.1/STM32CubeIDE/plugins/com.st.stm32cube.ide.mcu.externaltools.gnu-tools-for-stm32.12.3.rel1.win32_1.0.100.202403111256/tools/bin/../lib/gcc/arm-none-eabi/12.3.1/../../../../arm-none-eabi/lib/thumb/v7e-m+fp/hard\libc_nano.a(libc_a-memset.o)
                              C:/ST/STM32CubeIDE_1.15.1/STM32CubeIDE/plugins/com.st.stm32cube.ide.mcu.externaltools.gnu-tools-for-stm32.12.3.rel1.win32_1.0.100.202403111256/tools/bin/../lib/gcc/arm-none-eabi/12.3.1/../../../../arm-none-eabi/lib/thumb/v7e-m+fp/hard/crt0.o (memset)
C:/ST/STM32CubeIDE_1.15.1/STM32CubeIDE/plugins/com.st.stm32cube.ide.mcu.externaltools.gnu-tools-for-stm32.12.3.rel1.win32_1.0.100.202403111256/tools/bin/../lib/gcc/arm-none-eabi/12.3.1/../../../../arm-none-eabi/lib/thumb/v7e-m+fp/hard\libc_nano.a(libc_a-closer.o)
                              C:/ST/STM32CubeIDE_1.15.1/STM32CubeIDE/plugins/com.st.stm32cube.ide.mcu.externaltools.gnu-tools-for-stm32.12.3.rel1.win32_1.0.100.202403111256/tools/bin/../lib/gcc/arm-none-eabi/12.3.1/../../../../arm-none-eabi/lib/thumb/v7e-m+fp/hard\libc_nano.a(libc_a-stdio.o) (_close_r)
C:/ST/STM32CubeIDE_1.15.1/STM32CubeIDE/plugins/com.st.stm32cube.ide.mcu.externaltools.gnu-tools-for-stm32.12.3.rel1.win32_1.0.100.202403111256/tools/bin/../lib/gcc/arm-none-eabi/12.3.1/../../../../arm-none-eabi/lib/thumb/v7e-m+fp/hard\libc_nano.a(libc_a-reent.o)
                              C:/ST/STM32CubeIDE_1.15.1/STM32CubeIDE/plugins/com.st.stm32cube.ide.mcu.externaltools.gnu-tools-for-stm32.12.3.rel1.win32_1.0.100.202403111256/tools/bin/../lib/gcc/arm-none-eabi/12.3.1/../../../../arm-none-eabi/lib/thumb/v7e-m+fp/hard\libc_nano.a(libc_a-closer.o) (errno)
C:/ST/STM32CubeIDE_1.15.1/STM32CubeIDE/plugins/com.st.stm32cube.ide.mcu.externaltools.gnu-tools-for-stm32.12.3.rel1.win32_1.0.100.202403111256/tools/bin/../lib/gcc/arm-none-eabi/12.3.1/../../../../arm-none-eabi/lib/thumb/v7e-m+fp/hard\libc_nano.a(libc_a-impure.o)
[...]
Memory Configuration

Name             Origin             Length             Attributes
RAM              0x20000000         0x00028000         xrw
SRAM2            0x10000000         0x00008000         xrw
FLASH            0x08000000         0x00080000         xr
*default*        0x00000000         0xffffffff

Linker script and memory map

LOAD C:/ST/STM32CubeIDE_1.15.1/STM32CubeIDE/plugins/com.st.stm32cube.ide.mcu.externaltools.gnu-tools-for-stm32.12.3.rel1.win32_1.0.100.202403111256/tools/bin/../lib/gcc/arm-none-eabi/12.3.1/thumb/v7e-m+fp/hard/crti.o
LOAD C:/ST/STM32CubeIDE_1.15.1/STM32CubeIDE/plugins/com.st.stm32cube.ide.mcu.externaltools.gnu-tools-for-stm32.12.3.rel1.win32_1.0.100.202403111256/tools/bin/../lib/gcc/arm-none-eabi/12.3.1/thumb/v7e-m+fp/hard/crtbegin.o
LOAD C:/ST/STM32CubeIDE_1.15.1/STM32CubeIDE/plugins/com.st.stm32cube.ide.mcu.externaltools.gnu-tools-for-stm32.12.3.rel1.win32_1.0.100.202403111256/tools/bin/../lib/gcc/arm-none-eabi/12.3.1/../../../../arm-none-eabi/lib/thumb/v7e-m+fp/hard/crt0.o
LOAD ./Src/CANx.o
LOAD ./Src/GPIOx.o
LOAD ./Src/I2Cx.o
LOAD ./Src/NVIC.o
LOAD ./Src/USARTx.o
LOAD ./Src/main.o
LOAD ./Src/syscalls.o
LOAD ./Src/sysmem.o
LOAD ./Src/system_stm32l4xx.o
LOAD ./Startup/startup_stm32l452retxp.o
START GROUP
LOAD C:/ST/STM32CubeIDE_1.15.1/STM32CubeIDE/plugins/com.st.stm32cube.ide.mcu.externaltools.gnu-tools-for-stm32.12.3.rel1.win32_1.0.100.202403111256/tools/bin/../lib/gcc/arm-none-eabi/12.3.1/../../../../arm-none-eabi/lib/thumb/v7e-m+fp/hard\libc_nano.a
LOAD C:/ST/STM32CubeIDE_1.15.1/STM32CubeIDE/plugins/com.st.stm32cube.ide.mcu.externaltools.gnu-tools-for-stm32.12.3.rel1.win32_1.0.100.202403111256/tools/bin/../lib/gcc/arm-none-eabi/12.3.1/../../../../arm-none-eabi/lib/thumb/v7e-m+fp/hard\libm.a
END GROUP
START GROUP
LOAD C:/ST/STM32CubeIDE_1.15.1/STM32CubeIDE/plugins/com.st.stm32cube.ide.mcu.externaltools.gnu-tools-for-stm32.12.3.rel1.win32_1.0.100.202403111256/tools/bin/../lib/gcc/arm-none-eabi/12.3.1/thumb/v7e-m+fp/hard\libgcc.a
LOAD C:/ST/STM32CubeIDE_1.15.1/STM32CubeIDE/plugins/com.st.stm32cube.ide.mcu.externaltools.gnu-tools-for-stm32.12.3.rel1.win32_1.0.100.202403111256/tools/bin/../lib/gcc/arm-none-eabi/12.3.1/../../../../arm-none-eabi/lib/thumb/v7e-m+fp/hard\libc_nano.a
END GROUP
START GROUP
LOAD C:/ST/STM32CubeIDE_1.15.1/STM32CubeIDE/plugins/com.st.stm32cube.ide.mcu.externaltools.gnu-tools-for-stm32.12.3.rel1.win32_1.0.100.202403111256/tools/bin/../lib/gcc/arm-none-eabi/12.3.1/thumb/v7e-m+fp/hard\libgcc.a
LOAD C:/ST/STM32CubeIDE_1.15.1/STM32CubeIDE/plugins/com.st.stm32cube.ide.mcu.externaltools.gnu-tools-for-stm32.12.3.rel1.win32_1.0.100.202403111256/tools/bin/../lib/gcc/arm-none-eabi/12.3.1/../../../../arm-none-eabi/lib/thumb/v7e-m+fp/hard\libc_nano.a
LOAD C:/ST/STM32CubeIDE_1.15.1/STM32CubeIDE/plugins/com.st.stm32cube.ide.mcu.externaltools.gnu-tools-for-stm32.12.3.rel1.win32_1.0.100.202403111256/tools/bin/../lib/gcc/arm-none-eabi/12.3.1/../../../../arm-none-eabi/lib/thumb/v7e-m+fp/hard\libnosys.a
END GROUP
START GROUP
LOAD C:/ST/STM32CubeIDE_1.15.1/STM32CubeIDE/plugins/com.st.stm32cube.ide.mcu.externaltools.gnu-tools-for-stm32.12.3.rel1.win32_1.0.100.202403111256/tools/bin/../lib/gcc/arm-none-eabi/12.3.1/thumb/v7e-m+fp/hard\libgcc.a
LOAD C:/ST/STM32CubeIDE_1.15.1/STM32CubeIDE/plugins/com.st.stm32cube.ide.mcu.externaltools.gnu-tools-for-stm32.12.3.rel1.win32_1.0.100.202403111256/tools/bin/../lib/gcc/arm-none-eabi/12.3.1/../../../../arm-none-eabi/lib/thumb/v7e-m+fp/hard\libc_nano.a
LOAD C:/ST/STM32CubeIDE_1.15.1/STM32CubeIDE/plugins/com.st.stm32cube.ide.mcu.externaltools.gnu-tools-for-stm32.12.3.rel1.win32_1.0.100.202403111256/tools/bin/../lib/gcc/arm-none-eabi/12.3.1/../../../../arm-none-eabi/lib/thumb/v7e-m+fp/hard\libnosys.a
END GROUP
LOAD C:/ST/STM32CubeIDE_1.15.1/STM32CubeIDE/plugins/com.st.stm32cube.ide.mcu.externaltools.gnu-tools-for-stm32.12.3.rel1.win32_1.0.100.202403111256/tools/bin/../lib/gcc/arm-none-eabi/12.3.1/thumb/v7e-m+fp/hard/crtend.o
LOAD C:/ST/STM32CubeIDE_1.15.1/STM32CubeIDE/plugins/com.st.stm32cube.ide.mcu.externaltools.gnu-tools-for-stm32.12.3.rel1.win32_1.0.100.202403111256/tools/bin/../lib/gcc/arm-none-eabi/12.3.1/thumb/v7e-m+fp/hard/crtn.o
                0x20028000                        _estack = (ORIGIN (RAM) + LENGTH (RAM))
                0x00000200                        _Min_Heap_Size = 0x200
                0x00000400                        _Min_Stack_Size = 0x400

.isr_vector     0x08000000      0x194
                0x08000000                        . = ALIGN (0x4)
 *(.isr_vector)
 .isr_vector    0x08000000      0x194 ./Startup/startup_stm32l452retxp.o
                0x08000000                g_pfnVectors
                0x08000194                        . = ALIGN (0x4)

.text           0x080001a0     0x3438
                0x080001a0                        . = ALIGN (0x4)
 *(.text)
 .text          0x080001a0       0x40 C:/ST/STM32CubeIDE_1.15.1/STM32CubeIDE/plugins/com.st.stm32cube.ide.mcu.externaltools.gnu-tools-for-stm32.12.3.rel1.win32_1.0.100.202403111256/tools/bin/../lib/gcc/arm-none-eabi/12.3.1/thumb/v7e-m+fp/hard/crtbegin.o
 .text          0x080001e0       0xa0 C:/ST/STM32CubeIDE_1.15.1/STM32CubeIDE/plugins/com.st.stm32cube.ide.mcu.externaltools.gnu-tools-for-stm32.12.3.rel1.win32_1.0.100.202403111256/tools/bin/../lib/gcc/arm-none-eabi/12.3.1/../../../../arm-none-eabi/lib/thumb/v7e-m+fp/hard\libc_nano.a(libc_a-memchr.o)
                0x080001e0                memchr
 *(.text*)
 .text.RCC_En_CANx
                0x08000280       0x30 ./Src/CANx.o
                0x08000280                RCC_En_CANx
 .text.CANx_Init
                0x080002b0       0xc2 ./Src/CANx.o
                0x080002b0                CANx_Init
 .text.CANx_BitTiming_500Kz
                0x08000372       0x60 ./Src/CANx.o
                0x08000372                CANx_BitTiming_500Kz
 .text.CAN_FilterInit
                0x080003d2      0x102 ./Src/CANx.o
                0x080003d2                CAN_FilterInit
 .text.CAN_SetFilterValue
                0x080004d4       0xa6 ./Src/CANx.o
                0x080004d4                CAN_SetFilterValue
 .text.CAN_MailboxConfig
                0x0800057a       0xae ./Src/CANx.o
                0x0800057a                CAN_MailboxConfig
 .text.CAN_SendData
                0x08000628       0xc2 ./Src/CANx.o
                0x08000628                CAN_SendData
 .text.CANx_EnFIFO1Ints
                0x080006ea       0x20 ./Src/CANx.o
                0x080006ea                CANx_EnFIFO1Ints
 .text.CANx_EnFIFO0Ints
                0x0800070a       0x20 ./Src/CANx.o
                0x0800070a                CANx_EnFIFO0Ints
 .text.CANx_GetLEC
                0x0800072a       0x24 ./Src/CANx.o
                0x0800072a                CANx_GetLEC
 .text.CAN1_Rx0_FIFOx
                0x0800074e       0xfa ./Src/CANx.o
                0x0800074e                CAN1_Rx0_FIFOx
 .text.CAN1_Rx1_FIFOx
                0x08000848       0xfa ./Src/CANx.o
                0x08000848                CAN1_Rx1_FIFOx
 .text.GPIOx_InitAF
                0x08000942       0xde ./Src/GPIOx.o
                0x08000942                GPIOx_InitAF
 .text.GPIOx_InitIO
                0x08000a20       0xaa ./Src/GPIOx.o
                0x08000a20                GPIOx_InitIO
 *fill*         0x08000aca        0x2 
 .text.RCC_EnPort
                0x08000acc       0xb0 ./Src/GPIOx.o
                0x08000acc                RCC_EnPort
 .text.SystCLK_SetMSI
                0x08000b7c       0x48 ./Src/GPIOx.o
                0x08000b7c                SystCLK_SetMSI
 .text.I2C_delay
                0x08000bc4       0x22 ./Src/I2Cx.o
                0x08000bc4                I2C_delay
 *fill*         0x08000be6        0x2 
 .text.RCC_En_I2C
                0x08000be8       0x48 ./Src/I2Cx.o
                0x08000be8                RCC_En_I2C
 .text.I2C_Init
                0x08000c30       0x74 ./Src/I2Cx.o
                0x08000c30                I2C_Init
 .text.I2C_Tx_2Bytes
                0x08000ca4       0xdc ./Src/I2Cx.o
                0x08000ca4                I2C_Tx_2Bytes
 .text.NVIC_Enable
                0x08000d80       0x58 ./Src/NVIC.o
                0x08000d80                NVIC_Enable
 .text.RCC_En_USARTx
                0x08000dd8       0x60 ./Src/USARTx.o
                0x08000dd8                RCC_En_USARTx
 .text.USARTx_CONF
                0x08000e38       0x90 ./Src/USARTx.o
                0x08000e38                USARTx_CONF
 .text.USART3_IRQHandler
                0x08000ec8       0x78 ./Src/USARTx.o
                0x08000ec8                USART3_IRQHandler
 .text.sendStringUARTx
                0x08000f40       0x3a ./Src/USARTx.o
                0x08000f40                sendStringUARTx
 .text.sendByteUARTx
                0x08000f7a       0x30 ./Src/USARTx.o
                0x08000f7a                sendByteUARTx
 *fill*         0x08000faa        0x2 
 .text.GPS_PET  0x08000fac      0x118 ./Src/USARTx.o
                0x08000fac                GPS_PET
 .text.__NVIC_ClearPendingIRQ
                0x080010c4       0x3c ./Src/main.o
 .text.SSD1306_Init
                0x08001100      0x138 ./Src/main.o
                0x08001100                SSD1306_Init
 .text.SSD1306_WriteString
                0x08001238       0x38 ./Src/main.o
                0x08001238                SSD1306_WriteString
 .text.SSD1306_WriteChar
                0x08001270      0x200 ./Src/main.o
                0x08001270                SSD1306_WriteChar
 .text.Letra_A  0x08001470       0x60 ./Src/main.o
                0x08001470                Letra_A
 .text.Letra_B  0x080014d0       0x60 ./Src/main.o
                0x080014d0                Letra_B
 .text.Letra_C  0x08001530       0x60 ./Src/main.o
                0x08001530                Letra_C
 .text.Letra_D  0x08001590       0x60 ./Src/main.o
                0x08001590                Letra_D
 .text.Letra_E  0x080015f0       0x60 ./Src/main.o
                0x080015f0                Letra_E
 .text.Letra_F  0x08001650       0x60 ./Src/main.o
                0x08001650                Letra_F
 .text.Letra_G  0x080016b0       0x60 ./Src/main.o
                0x080016b0                Letra_G
 .text.Letra_H  0x08001710       0x60 ./Src/main.o
                0x08001710                Letra_H
 .text.Letra_I  0x08001770       0x60 ./Src/main.o
                0x08001770                Letra_I
 .text.Letra_J  0x080017d0       0x60 ./Src/main.o
                0x080017d0                Letra_J
 .text.Letra_K  0x08001830       0x60 ./Src/main.o
                0x08001830                Letra_K
 .text.Letra_L  0x08001890       0x60 ./Src/main.o
                0x08001890                Letra_L
 .text.Letra_M  0x080018f0       0x6c ./Src/main.o
                0x080018f0                Letra_M
 .text.Letra_N  0x0800195c       0x60 ./Src/main.o
                0x0800195c                Letra_N
 .text.Letra_O  0x080019bc       0x60 ./Src/main.o
                0x080019bc                Letra_O
 .text.Letra_P  0x08001a1c       0x60 ./Src/main.o
                0x08001a1c                Letra_P
 .text.Letra_Q  0x08001a7c       0x60 ./Src/main.o
                0x08001a7c                Letra_Q
 .text.Letra_R  0x08001adc       0x60 ./Src/main.o
                0x08001adc                Letra_R
 .text.Letra_S  0x08001b3c       0x60 ./Src/main.o
                0x08001b3c                Letra_S
 .text.Letra_T  0x08001b9c       0x60 ./Src/main.o
                0x08001b9c                Letra_T
 .text.Letra_U  0x08001bfc       0x60 ./Src/main.o
                0x08001bfc                Letra_U
 .text.Letra_W  0x08001c5c       0x6c ./Src/main.o
                0x08001c5c                Letra_W
 .text.Letra_X  0x08001cc8       0x60 ./Src/main.o
                0x08001cc8                Letra_X
 .text.Letra_Y  0x08001d28       0x60 ./Src/main.o
                0x08001d28                Letra_Y
 .text.Letra_Z  0x08001d88       0x60 ./Src/main.o
                0x08001d88                Letra_Z
 .text.Espacio  0x08001de8       0x3c ./Src/main.o
                0x08001de8                Espacio
 .text.Admiracion
                0x08001e24       0x48 ./Src/main.o
                0x08001e24                Admiracion
 .text.Numero_1
                0x08001e6c       0x48 ./Src/main.o
                0x08001e6c                Numero_1
 .text.Numero_2
                0x08001eb4       0x60 ./Src/main.o
                0x08001eb4                Numero_2
 .text.Numero_3
                0x08001f14       0x60 ./Src/main.o
                0x08001f14                Numero_3
 .text.Numero_4
                0x08001f74       0x60 ./Src/main.o
                0x08001f74                Numero_4
 .text.Numero_5
                0x08001fd4       0x60 ./Src/main.o
                0x08001fd4                Numero_5
 .text.Numero_6
                0x08002034       0x60 ./Src/main.o
                0x08002034                Numero_6
 .text.Numero_7
                0x08002094       0x60 ./Src/main.o
                0x08002094                Numero_7
 .text.Numero_8
                0x080020f4       0x60 ./Src/main.o
                0x080020f4                Numero_8
 .text.Numero_9
                0x08002154       0x60 ./Src/main.o
                0x08002154                Numero_9
 .text.Numero_0
                0x080021b4       0x60 ./Src/main.o
                0x080021b4                Numero_0
 .text.DosPuntos
                0x08002214       0x30 ./Src/main.o
                0x08002214                DosPuntos
 .text.Simbolo_Grados
                0x08002244       0x3c ./Src/main.o
                0x08002244                Simbolo_Grados
 .text.SSD1306_Clear
                0x08002280      0x1b8 ./Src/main.o
                0x08002280                SSD1306_Clear
 .text.SSD1306_PosCom
                0x08002438       0x44 ./Src/main.o
                0x08002438                SSD1306_PosCom
 .text.main     0x0800247c      0x260 ./Src/main.o
                0x0800247c                main
 .text.Init_Peripheral
                0x080026dc       0x40 ./Src/main.o
                0x080026dc                Init_Peripheral
 .text.Conf_Peripheral
                0x0800271c       0xa4 ./Src/main.o
                0x0800271c                Conf_Peripheral
 .text.SecuanciaInicio
                0x080027c0      0x19c ./Src/main.o
                0x080027c0                SecuanciaInicio
 .text.delay    0x0800295c       0x22 ./Src/main.o
                0x0800295c                delay
 *fill*         0x0800297e        0x2 
 .text.CAN1_RX0_IRQHandler
                0x08002980       0x50 ./Src/main.o
                0x08002980                CAN1_RX0_IRQHandler
 .text.CAN1_RX1_IRQHandler
                0x080029d0       0x50 ./Src/main.o
                0x080029d0                CAN1_RX1_IRQHandler
 .text.sendMessage_Cell
                0x08002a20       0x80 ./Src/main.o
                0x08002a20                sendMessage_Cell
 .text.SSD1306_Refresh
                0x08002aa0      0x10c ./Src/main.o
                0x08002aa0                SSD1306_Refresh
 .text._sbrk    0x08002bac       0x6c ./Src/sysmem.o
                0x08002bac                _sbrk
 .text.SystemInit
                0x08002c18       0x24 ./Src/system_stm32l4xx.o
                0x08002c18                SystemInit
 .text.Reset_Handler
                0x08002c3c       0x50 ./Startup/startup_stm32l452retxp.o
                0x08002c3c                Reset_Handler
 .text.Default_Handler
                0x08002c8c        0x2 ./Startup/startup_stm32l452retxp.o
                0x08002c8c                EXTI2_IRQHandler
                0x08002c8c                DebugMon_Handler
                0x08002c8c                DMA1_CH4_IRQHandler
                0x08002c8c                TIM1_CC_IRQHandler
                0x08002c8c                TSC_IRQHandler
                0x08002c8c                HardFault_Handler
                0x08002c8c                SysTick_Handler
                0x08002c8c                PendSV_Handler
                0x08002c8c                NMI_Handler
                0x08002c8c                EXTI3_IRQHandler
                0x08002c8c                LPTIM2_IRQHandler
                0x08002c8c                DFSDM1_FLT1_IRQHandler
                0x08002c8c                USB_FS_IRQHandler
                0x08002c8c                I2C3_ER_IRQHandler
                0x08002c8c                DFSDM1_FLT2_IRQHandler
                0x08002c8c                TIM6_DACUNDER_IRQHandler
                0x08002c8c                EXTI0_IRQHandler
                0x08002c8c                I2C2_EV_IRQHandler
                0x08002c8c                DMA2_CH1_IRQHandler
                0x08002c8c                TIM1_UP_TIM16_IRQHandler
                0x08002c8c                DMA2_CH7_IRQHandler
                0x08002c8c                UsageFault_Handler
                0x08002c8c                SPI1_IRQHandler
                0x08002c8c                DMA1_CH7_IRQHandler
                0x08002c8c                RTC_ALARM_IRQHandler
                0x08002c8c                ADC1_IRQHandler
                0x08002c8c                DFSDM1_FLT3_IRQHandler
                0x08002c8c                DMA1_CH6_IRQHandler
                0x08002c8c                LCD_IRQHandler
                0x08002c8c                ADC3_IRQHandler
                0x08002c8c                QUADSPI_IRQHandler
                0x08002c8c                I2C1_EV_IRQHandler
                0x08002c8c                DMA2_CH5_IRQHandler
                0x08002c8c                UART4_IRQHandler
                0x08002c8c                DMA1_CH3_IRQHandler
                0x08002c8c                TIM3_IRQHandler
                0x08002c8c                RCC_IRQHandler
                0x08002c8c                TIM1_TRG_COM_IRQHandler
                0x08002c8c                Default_Handler
                0x08002c8c                EXTI15_10_IRQHandler
                0x08002c8c                TIM7_IRQHandler
                0x08002c8c                SDMMC1_IRQHandler
                0x08002c8c                I2C3_EV_IRQHandler
                0x08002c8c                EXTI9_5_IRQHandler
                0x08002c8c                DMA1_CH2_IRQHandler
                0x08002c8c                RTC_WKUP_IRQHandler
                0x08002c8c                PVD_PVM_IRQHandler
                0x08002c8c                SPI2_IRQHandler
                0x08002c8c                DMA1_CH1_IRQHandler
                0x08002c8c                MemManage_Handler
                0x08002c8c                CAN1_TX_IRQHandler
                0x08002c8c                SVC_Handler
                0x08002c8c                CRS_IRQHandler
                0x08002c8c                EXTI4_IRQHandler
                0x08002c8c                RNG_IRQHandler
                0x08002c8c                COMP_IRQHandler
                0x08002c8c                WWDG_IRQHandler
                0x08002c8c                I2C4_EV_IRQHandler
                0x08002c8c                LPUART1_IRQHandler
                0x08002c8c                TIM2_IRQHandler
                0x08002c8c                EXTI1_IRQHandler
                0x08002c8c                AES_IRQHandler
                0x08002c8c                USART2_IRQHandler
                0x08002c8c                DFSDM1_FLT0_IRQHandler
                0x08002c8c                I2C2_ER_IRQHandler
                0x08002c8c                CAN1_SCE_IRQHandler
                0x08002c8c                FLASH_IRQHandler
                0x08002c8c                BusFault_Handler
                0x08002c8c                USART1_IRQHandler
                0x08002c8c                SPI3_IRQHandler
                0x08002c8c                DMA2_CH6_IRQHandler
                0x08002c8c                DMA2_CH3_IRQHandler
                0x08002c8c                DMA2_CH2_IRQHandler
                0x08002c8c                I2C1_ER_IRQHandler
                0x08002c8c                DMA1_CH5_IRQHandler
                0x08002c8c                DMA2_CH4_IRQHandler
                0x08002c8c                SWPMI1_IRQHandler
                0x08002c8c                LPTIM1_IRQHandler
                0x08002c8c                I2C4_ER_IRQHandler
                0x08002c8c                RTC_TAMP_STAMP_IRQHandler
                0x08002c8c                SAI1_IRQHandler
                0x08002c8c                TIM1_BRK_TIM15_IRQHandler
 *fill*         0x08002c8e        0x2 
 .text.sprintf  0x08002c90       0x40 C:/ST/STM32CubeIDE_1.15.1/STM32CubeIDE/plugins/com.st.stm32cube.ide.mcu.externaltools.gnu-tools-for-stm32.12.3.rel1.win32_1.0.100.202403111256/tools/bin/../lib/gcc/arm-none-eabi/12.3.1/../../../../arm-none-eabi/lib/thumb/v7e-m+fp/hard\libc_nano.a(libc_a-sprintf.o)
                0x08002c90                siprintf
                0x08002c90                sprintf
 .text.__errno  0x08002cd0        0xc C:/ST/STM32CubeIDE_1.15.1/STM32CubeIDE/plugins/com.st.stm32cube.ide.mcu.externaltools.gnu-tools-for-stm32.12.3.rel1.win32_1.0.100.202403111256/tools/bin/../lib/gcc/arm-none-eabi/12.3.1/../../../../arm-none-eabi/lib/thumb/v7e-m+fp/hard\libc_nano.a(libc_a-errno.o)
                0x08002cd0                __errno
 .text.__libc_init_array
                0x08002cdc       0x48 C:/ST/STM32CubeIDE_1.15.1/STM32CubeIDE/plugins/com.st.stm32cube.ide.mcu.externaltools.gnu-tools-for-stm32.12.3.rel1.win32_1.0.100.202403111256/tools/bin/../lib/gcc/arm-none-eabi/12.3.1/../../../../arm-none-eabi/lib/thumb/v7e-m+fp/hard\libc_nano.a(libc_a-init.o)
                0x08002cdc                __libc_init_array
 .text.__retarget_lock_acquire_recursive
                0x08002d24        0x2 C:/ST/STM32CubeIDE_1.15.1/STM32CubeIDE/plugins/com.st.stm32cube.ide.mcu.externaltools.gnu-tools-for-stm32.12.3.rel1.win32_1.0.100.202403111256/tools/bin/../lib/gcc/arm-none-eabi/12.3.1/../../../../arm-none-eabi/lib/thumb/v7e-m+fp/hard\libc_nano.a(libc_a-lock.o)
                0x08002d24                __retarget_lock_acquire_recursive
 .text.__retarget_lock_release_recursive
                0x08002d26        0x2 C:/ST/STM32CubeIDE_1.15.1/STM32CubeIDE/plugins/com.st.stm32cube.ide.mcu.externaltools.gnu-tools-for-stm32.12.3.rel1.win32_1.0.100.202403111256/tools/bin/../lib/gcc/arm-none-eabi/12.3.1/../../../../arm-none-eabi/lib/thumb/v7e-m+fp/hard\libc_nano.a(libc_a-lock.o)
                0x08002d26                __retarget_lock_release_recursive
 .text._free_r  0x08002d28       0x94 C:/ST/STM32CubeIDE_1.15.1/STM32CubeIDE/plugins/com.st.stm32cube.ide.mcu.externaltools.gnu-tools-for-stm32.12.3.rel1.win32_1.0.100.202403111256/tools/bin/../lib/gcc/arm-none-eabi/12.3.1/../../../../arm-none-eabi/lib/thumb/v7e-m+fp/hard\libc_nano.a(libc_a-freer.o)
                0x08002d28                _free_r
 .text.sbrk_aligned
                0x08002dbc       0x44 C:/ST/STM32CubeIDE_1.15.1/STM32CubeIDE/plugins/com.st.stm32cube.ide.mcu.externaltools.gnu-tools-for-stm32.12.3.rel1.win32_1.0.100.202403111256/tools/bin/../lib/gcc/arm-none-eabi/12.3.1/../../../../arm-none-eabi/lib/thumb/v7e-m+fp/hard\libc_nano.a(libc_a-mallocr.o)
 .text._malloc_r
                0x08002e00      0x100 C:/ST/STM32CubeIDE_1.15.1/STM32CubeIDE/plugins/com.st.stm32cube.ide.mcu.externaltools.gnu-tools-for-stm32.12.3.rel1.win32_1.0.100.202403111256/tools/bin/../lib/gcc/arm-none-eabi/12.3.1/../../../../arm-none-eabi/lib/thumb/v7e-m+fp/hard\libc_nano.a(libc_a-mallocr.o)
                0x08002e00                _malloc_r
 .text.__malloc_lock
                0x08002f00        0xc C:/ST/STM32CubeIDE_1.15.1/STM32CubeIDE/plugins/com.st.stm32cube.ide.mcu.externaltools.gnu-tools-for-stm32.12.3.rel1.win32_1.0.100.202403111256/tools/bin/../lib/gcc/arm-none-eabi/12.3.1/../../../../arm-none-eabi/lib/thumb/v7e-m+fp/hard\libc_nano.a(libc_a-mlock.o)
                0x08002f00                __malloc_lock
 .text.__malloc_unlock
                0x08002f0c        0xc C:/ST/STM32CubeIDE_1.15.1/STM32CubeIDE/plugins/com.st.stm32cube.ide.mcu.externaltools.gnu-tools-for-stm32.12.3.rel1.win32_1.0.100.202403111256/tools/bin/../lib/gcc/arm-none-eabi/12.3.1/../../../../arm-none-eabi/lib/thumb/v7e-m+fp/hard\libc_nano.a(libc_a-mlock.o)
                0x08002f0c                __malloc_unlock
 .text.__ssputs_r
                0x08002f18       0xb6 C:/ST/STM32CubeIDE_1.15.1/STM32CubeIDE/plugins/com.st.stm32cube.ide.mcu.externaltools.gnu-tools-for-stm32.12.3.rel1.win32_1.0.100.202403111256/tools/bin/../lib/gcc/arm-none-eabi/12.3.1/../../../../arm-none-eabi/lib/thumb/v7e-m+fp/hard\libc_nano.a(libc_a-nano-svfprintf.o)
                0x08002f18                __ssputs_r
 *fill*         0x08002fce        0x2 
 .text._svfprintf_r
                0x08002fd0      0x1f8 C:/ST/STM32CubeIDE_1.15.1/STM32CubeIDE/plugins/com.st.stm32cube.ide.mcu.externaltools.gnu-tools-for-stm32.12.3.rel1.win32_1.0.100.202403111256/tools/bin/../lib/gcc/arm-none-eabi/12.3.1/../../../../arm-none-eabi/lib/thumb/v7e-m+fp/hard\libc_nano.a(libc_a-nano-svfprintf.o)
                0x08002fd0                _svfiprintf_r
                0x08002fd0                _svfprintf_r
 .text._printf_common
                0x080031c8       0xda C:/ST/STM32CubeIDE_1.15.1/STM32CubeIDE/plugins/com.st.stm32cube.ide.mcu.externaltools.gnu-tools-for-stm32.12.3.rel1.win32_1.0.100.202403111256/tools/bin/../lib/gcc/arm-none-eabi/12.3.1/../../../../arm-none-eabi/lib/thumb/v7e-m+fp/hard\libc_nano.a(libc_a-nano-vfprintf_i.o)
                0x080031c8                _printf_common
 *fill*         0x080032a2        0x2 
 .text._printf_i
                0x080032a4      0x240 C:/ST/STM32CubeIDE_1.15.1/STM32CubeIDE/plugins/com.st.stm32cube.ide.mcu.externaltools.gnu-tools-for-stm32.12.3.rel1.win32_1.0.100.202403111256/tools/bin/../lib/gcc/arm-none-eabi/12.3.1/../../../../arm-none-eabi/lib/thumb/v7e-m+fp/hard\libc_nano.a(libc_a-nano-vfprintf_i.o)
                0x080032a4                _printf_i
 .text.memmove  0x080034e4       0x34 C:/ST/STM32CubeIDE_1.15.1/STM32CubeIDE/plugins/com.st.stm32cube.ide.mcu.externaltools.gnu-tools-for-stm32.12.3.rel1.win32_1.0.100.202403111256/tools/bin/../lib/gcc/arm-none-eabi/12.3.1/../../../../arm-none-eabi/lib/thumb/v7e-m+fp/hard\libc_nano.a(libc_a-memmove.o)
                0x080034e4                memmove
 .text._sbrk_r  0x08003518       0x20 C:/ST/STM32CubeIDE_1.15.1/STM32CubeIDE/plugins/com.st.stm32cube.ide.mcu.externaltools.gnu-tools-for-stm32.12.3.rel1.win32_1.0.100.202403111256/tools/bin/../lib/gcc/arm-none-eabi/12.3.1/../../../../arm-none-eabi/lib/thumb/v7e-m+fp/hard\libc_nano.a(libc_a-sbrkr.o)
                0x08003518                _sbrk_r
 .text.memcpy   0x08003538       0x1c C:/ST/STM32CubeIDE_1.15.1/STM32CubeIDE/plugins/com.st.stm32cube.ide.mcu.externaltools.gnu-tools-for-stm32.12.3.rel1.win32_1.0.100.202403111256/tools/bin/../lib/gcc/arm-none-eabi/12.3.1/../../../../arm-none-eabi/lib/thumb/v7e-m+fp/hard\libc_nano.a(libc_a-memcpy-stub.o)
                0x08003538                memcpy
 .text._realloc_r
                0x08003554       0x5c C:/ST/STM32CubeIDE_1.15.1/STM32CubeIDE/plugins/com.st.stm32cube.ide.mcu.externaltools.gnu-tools-for-stm32.12.3.rel1.win32_1.0.100.202403111256/tools/bin/../lib/gcc/arm-none-eabi/12.3.1/../../../../arm-none-eabi/lib/thumb/v7e-m+fp/hard\libc_nano.a(libc_a-reallocr.o)
                0x08003554                _realloc_r
 .text._malloc_usable_size_r
                0x080035b0       0x10 C:/ST/STM32CubeIDE_1.15.1/STM32CubeIDE/plugins/com.st.stm32cube.ide.mcu.externaltools.gnu-tools-for-stm32.12.3.rel1.win32_1.0.100.202403111256/tools/bin/../lib/gcc/arm-none-eabi/12.3.1/../../../../arm-none-eabi/lib/thumb/v7e-m+fp/hard\libc_nano.a(libc_a-msizer.o)
                0x080035b0                _malloc_usable_size_r
 *(.glue_7)
 .glue_7        0x080035c0        0x0 linker stubs
 *(.glue_7t)
 .glue_7t       0x080035c0        0x0 linker stubs
 *(.eh_frame)
 .eh_frame      0x080035c0        0x0 C:/ST/STM32CubeIDE_1.15.1/STM32CubeIDE/plugins/com.st.stm32cube.ide.mcu.externaltools.gnu-tools-for-stm32.12.3.rel1.win32_1.0.100.202403111256/tools/bin/../lib/gcc/arm-none-eabi/12.3.1/thumb/v7e-m+fp/hard/crtbegin.o
 *(.init)
 .init          0x080035c0        0x4 C:/ST/STM32CubeIDE_1.15.1/STM32CubeIDE/plugins/com.st.stm32cube.ide.mcu.externaltools.gnu-tools-for-stm32.12.3.rel1.win32_1.0.100.202403111256/tools/bin/../lib/gcc/arm-none-eabi/12.3.1/thumb/v7e-m+fp/hard/crti.o
                0x080035c0                _init
 .init          0x080035c4        0x8 C:/ST/STM32CubeIDE_1.15.1/STM32CubeIDE/plugins/com.st.stm32cube.ide.mcu.externaltools.gnu-tools-for-stm32.12.3.rel1.win32_1.0.100.202403111256/tools/bin/../lib/gcc/arm-none-eabi/12.3.1/thumb/v7e-m+fp/hard/crtn.o
 *(.fini)
 .fini          0x080035cc        0x4 C:/ST/STM32CubeIDE_1.15.1/STM32CubeIDE/plugins/com.st.stm32cube.ide.mcu.externaltools.gnu-tools-for-stm32.12.3.rel1.win32_1.0.100.202403111256/tools/bin/../lib/gcc/arm-none-eabi/12.3.1/thumb/v7e-m+fp/hard/crti.o
                0x080035cc                _fini
 .fini          0x080035d0        0x8 C:/ST/STM32CubeIDE_1.15.1/STM32CubeIDE/plugins/com.st.stm32cube.ide.mcu.externaltools.gnu-tools-for-stm32.12.3.rel1.win32_1.0.100.202403111256/tools/bin/../lib/gcc/arm-none-eabi/12.3.1/thumb/v7e-m+fp/hard/crtn.o
                0x080035d8                        . = ALIGN (0x4)
                0x080035d8                        _etext = .

.vfp11_veneer   0x080035d8        0x0
 .vfp11_veneer  0x080035d8        0x0 linker stubs

.v4_bx          0x080035d8        0x0
 .v4_bx         0x080035d8        0x0 linker stubs

.iplt           0x080035d8        0x0
 .iplt          0x080035d8        0x0 C:/ST/STM32CubeIDE_1.15.1/STM32CubeIDE/plugins/com.st.stm32cube.ide.mcu.externaltools.gnu-tools-for-stm32.12.3.rel1.win32_1.0.100.202403111256/tools/bin/../lib/gcc/arm-none-eabi/12.3.1/thumb/v7e-m+fp/hard/crtbegin.o

.rodata         0x080035d8      0x3a0
                0x080035d8                        . = ALIGN (0x4)
 *(.rodata)
 .rodata        0x080035d8       0x10 ./Src/USARTx.o
 .rodata        0x080035e8      0x35c ./Src/main.o
 *(.rodata*)
 .rodata._svfprintf_r.str1.1
                0x08003944       0x11 C:/ST/STM32CubeIDE_1.15.1/STM32CubeIDE/plugins/com.st.stm32cube.ide.mcu.externaltools.gnu-tools-for-stm32.12.3.rel1.win32_1.0.100.202403111256/tools/bin/../lib/gcc/arm-none-eabi/12.3.1/../../../../arm-none-eabi/lib/thumb/v7e-m+fp/hard\libc_nano.a(libc_a-nano-svfprintf.o)
 .rodata._printf_i.str1.1
                0x08003955       0x22 C:/ST/STM32CubeIDE_1.15.1/STM32CubeIDE/plugins/com.st.stm32cube.ide.mcu.externaltools.gnu-tools-for-stm32.12.3.rel1.win32_1.0.100.202403111256/tools/bin/../lib/gcc/arm-none-eabi/12.3.1/../../../../arm-none-eabi/lib/thumb/v7e-m+fp/hard\libc_nano.a(libc_a-nano-vfprintf_i.o)
                0x08003978                        . = ALIGN (0x4)
 *fill*         0x08003977        0x1 

.ARM.extab      0x08003978        0x0
                0x08003978                        . = ALIGN (0x4)
 *(.ARM.extab* .gnu.linkonce.armextab.*)
                0x08003978                        . = ALIGN (0x4)

.ARM            0x08003978        0x8
                0x08003978                        . = ALIGN (0x4)
                0x08003978                        __exidx_start = .
 *(.ARM.exidx*)
 .ARM.exidx     0x08003978        0x8 C:/ST/STM32CubeIDE_1.15.1/STM32CubeIDE/plugins/com.st.stm32cube.ide.mcu.externaltools.gnu-tools-for-stm32.12.3.rel1.win32_1.0.100.202403111256/tools/bin/../lib/gcc/arm-none-eabi/12.3.1/../../../../arm-none-eabi/lib/thumb/v7e-m+fp/hard\libc_nano.a(libc_a-memchr.o)
                0x08003980                        __exidx_end = .
                0x08003980                        . = ALIGN (0x4)

.preinit_array  0x08003980        0x0
                0x08003980                        . = ALIGN (0x4)
                0x08003980                        PROVIDE (__preinit_array_start = .)
 *(.preinit_array*)
                0x08003980                        PROVIDE (__preinit_array_end = .)
                0x08003980                        . = ALIGN (0x4)

.init_array     0x08003980        0x4
                0x08003980                        . = ALIGN (0x4)
                0x08003980                        PROVIDE (__init_array_start = .)
 *(SORT_BY_NAME(.init_array.*))
 *(.init_array*)
 .init_array    0x08003980        0x4 C:/ST/STM32CubeIDE_1.15.1/STM32CubeIDE/plugins/com.st.stm32cube.ide.mcu.externaltools.gnu-tools-for-stm32.12.3.rel1.win32_1.0.100.202403111256/tools/bin/../lib/gcc/arm-none-eabi/12.3.1/thumb/v7e-m+fp/hard/crtbegin.o
                0x08003984                        PROVIDE (__init_array_end = .)
                0x08003984                        . = ALIGN (0x4)

.fini_array     0x08003984        0x4
                0x08003984                        . = ALIGN (0x4)
                [!provide]                        PROVIDE (__fini_array_start = .)
 *(SORT_BY_NAME(.fini_array.*))
 *(.fini_array*)
 .fini_array    0x08003984        0x4 C:/ST/STM32CubeIDE_1.15.1/STM32CubeIDE/plugins/com.st.stm32cube.ide.mcu.externaltools.gnu-tools-for-stm32.12.3.rel1.win32_1.0.100.202403111256/tools/bin/../lib/gcc/arm-none-eabi/12.3.1/thumb/v7e-m+fp/hard/crtbegin.o
                [!provide]                        PROVIDE (__fini_array_end = .)
                0x08003988                        . = ALIGN (0x4)
                0x08003988                        _sidata = LOADADDR (.data)

.rel.dyn        0x08003988        0x0
 .rel.iplt      0x08003988        0x0 C:/ST/STM32CubeIDE_1.15.1/STM32CubeIDE/plugins/com.st.stm32cube.ide.mcu.externaltools.gnu-tools-for-stm32.12.3.rel1.win32_1.0.100.202403111256/tools/bin/../lib/gcc/arm-none-eabi/12.3.1/thumb/v7e-m+fp/hard/crtbegin.o

.data           0x20000000       0x50 load address 0x08003988
                0x20000000                        . = ALIGN (0x4)
                0x20000000                        _sdata = .
 *(.data)
 *(.data*)
 .data._impure_ptr
                0x20000000        0x4 C:/ST/STM32CubeIDE_1.15.1/STM32CubeIDE/plugins/com.st.stm32cube.ide.mcu.externaltools.gnu-tools-for-stm32.12.3.rel1.win32_1.0.100.202403111256/tools/bin/../lib/gcc/arm-none-eabi/12.3.1/../../../../arm-none-eabi/lib/thumb/v7e-m+fp/hard\libc_nano.a(libc_a-impure.o)
                0x20000000                _impure_ptr
 .data._impure_data
                0x20000004       0x4c C:/ST/STM32CubeIDE_1.15.1/STM32CubeIDE/plugins/com.st.stm32cube.ide.mcu.externaltools.gnu-tools-for-stm32.12.3.rel1.win32_1.0.100.202403111256/tools/bin/../lib/gcc/arm-none-eabi/12.3.1/../../../../arm-none-eabi/lib/thumb/v7e-m+fp/hard\libc_nano.a(libc_a-impure.o)
                0x20000004                _impure_data
 *(.RamFunc)
 *(.RamFunc*)
                0x20000050                        . = ALIGN (0x4)
                0x20000050                        _edata = .
                0x080039d8                        _sisram2 = LOADADDR (.sram2)

.igot.plt       0x20000050        0x0 load address 0x080039d8
 .igot.plt      0x20000050        0x0 C:/ST/STM32CubeIDE_1.15.1/STM32CubeIDE/plugins/com.st.stm32cube.ide.mcu.externaltools.gnu-tools-for-stm32.12.3.rel1.win32_1.0.100.202403111256/tools/bin/../lib/gcc/arm-none-eabi/12.3.1/thumb/v7e-m+fp/hard/crtbegin.o

.sram2          0x10000000        0x0 load address 0x080039d8
                0x10000000                        . = ALIGN (0x4)
                0x10000000                        _ssram2 = .
 *(.sram2)
 *(.sram2*)
                0x10000000                        . = ALIGN (0x4)
                0x10000000                        _esram2 = .
                0x10000000                        . = ALIGN (0x4)

.bss            0x20000050      0x3c8
                0x20000050                        _sbss = .
                0x20000050                        __bss_start__ = _sbss
 *(.bss)
 .bss           0x20000050       0x1c C:/ST/STM32CubeIDE_1.15.1/STM32CubeIDE/plugins/com.st.stm32cube.ide.mcu.externaltools.gnu-tools-for-stm32.12.3.rel1.win32_1.0.100.202403111256/tools/bin/../lib/gcc/arm-none-eabi/12.3.1/thumb/v7e-m+fp/hard/crtbegin.o
 *(.bss*)
 .bss.rxBuffer  0x2000006c       0xfa ./Src/USARTx.o
                0x2000006c                rxBuffer
 .bss.writeIndex
                0x20000166        0x2 ./Src/USARTx.o
                0x20000166                writeIndex
 .bss.A         0x20000168        0x4 ./Src/USARTx.o
                0x20000168                A
 .bss.buffer    0x2000016c       0xff ./Src/USARTx.o
                0x2000016c                buffer
 *fill*         0x2000026b        0x1 
 .bss.north     0x2000026c       0x14 ./Src/USARTx.o
                0x2000026c                north
 .bss.west      0x20000280       0x14 ./Src/USARTx.o
                0x20000280                west
 .bss.ind       0x20000294        0x4 ./Src/USARTx.o
                0x20000294                ind
 .bss.Q         0x20000298        0x4 ./Src/USARTx.o
                0x20000298                Q
 .bss.receivedData0_L
                0x2000029c        0x4 ./Src/main.o
                0x2000029c                receivedData0_L
 .bss.receivedData0_H
                0x200002a0        0x4 ./Src/main.o
                0x200002a0                receivedData0_H
 .bss.receivedData1_L
                0x200002a4        0x4 ./Src/main.o
                0x200002a4                receivedData1_L
 .bss.receivedData1_H
                0x200002a8        0x4 ./Src/main.o
                0x200002a8                receivedData1_H
 .bss.PID       0x200002ac        0x1 ./Src/main.o
                0x200002ac                PID
 *fill*         0x200002ad        0x3 
 .bss.Vel_Km    0x200002b0        0x4 ./Src/main.o
                0x200002b0                Vel_Km
 .bss.RPM_motor
                0x200002b4        0x4 ./Src/main.o
                0x200002b4                RPM_motor
 .bss.Combustible
                0x200002b8        0x4 ./Src/main.o
                0x200002b8                Combustible
 .bss.messageCounter
                0x200002bc        0x4 ./Src/main.o
                0x200002bc                messageCounter
 .bss.C         0x200002c0        0x4 ./Src/main.o
                0x200002c0                C
 .bss.FIFOmailBox0
                0x200002c4        0x4 ./Src/main.o
                0x200002c4                FIFOmailBox0
 .bss.FIFOmailBox1
                0x200002c8        0x4 ./Src/main.o
                0x200002c8                FIFOmailBox1
 .bss.__sbrk_heap_end
                0x200002cc        0x4 ./Src/sysmem.o
 .bss.__sf      0x200002d0      0x138 C:/ST/STM32CubeIDE_1.15.1/STM32CubeIDE/plugins/com.st.stm32cube.ide.mcu.externaltools.gnu-tools-for-stm32.12.3.rel1.win32_1.0.100.202403111256/tools/bin/../lib/gcc/arm-none-eabi/12.3.1/../../../../arm-none-eabi/lib/thumb/v7e-m+fp/hard\libc_nano.a(libc_a-findfp.o)
                0x200002d0                __sf
 .bss.errno     0x20000408        0x4 C:/ST/STM32CubeIDE_1.15.1/STM32CubeIDE/plugins/com.st.stm32cube.ide.mcu.externaltools.gnu-tools-for-stm32.12.3.rel1.win32_1.0.100.202403111256/tools/bin/../lib/gcc/arm-none-eabi/12.3.1/../../../../arm-none-eabi/lib/thumb/v7e-m+fp/hard\libc_nano.a(libc_a-reent.o)
                0x20000408                errno
 .bss.__lock___malloc_recursive_mutex
                0x2000040c        0x1 C:/ST/STM32CubeIDE_1.15.1/STM32CubeIDE/plugins/com.st.stm32cube.ide.mcu.externaltools.gnu-tools-for-stm32.12.3.rel1.win32_1.0.100.202403111256/tools/bin/../lib/gcc/arm-none-eabi/12.3.1/../../../../arm-none-eabi/lib/thumb/v7e-m+fp/hard\libc_nano.a(libc_a-lock.o)
                0x2000040c                __lock___malloc_recursive_mutex
 *fill*         0x2000040d        0x3 
 .bss.__malloc_sbrk_start
                0x20000410        0x4 C:/ST/STM32CubeIDE_1.15.1/STM32CubeIDE/plugins/com.st.stm32cube.ide.mcu.externaltools.gnu-tools-for-stm32.12.3.rel1.win32_1.0.100.202403111256/tools/bin/../lib/gcc/arm-none-eabi/12.3.1/../../../../arm-none-eabi/lib/thumb/v7e-m+fp/hard\libc_nano.a(libc_a-mallocr.o)
                0x20000410                __malloc_sbrk_start
 .bss.__malloc_free_list
                0x20000414        0x4 C:/ST/STM32CubeIDE_1.15.1/STM32CubeIDE/plugins/com.st.stm32cube.ide.mcu.externaltools.gnu-tools-for-stm32.12.3.rel1.win32_1.0.100.202403111256/tools/bin/../lib/gcc/arm-none-eabi/12.3.1/../../../../arm-none-eabi/lib/thumb/v7e-m+fp/hard\libc_nano.a(libc_a-mallocr.o)
                0x20000414                __malloc_free_list
 *(COMMON)
                0x20000418                        . = ALIGN (0x4)
                0x20000418                        _ebss = .
                0x20000418                        __bss_end__ = _ebss

._user_heap_stack
                0x20000418      0x600
                0x20000418                        . = ALIGN (0x8)
                [!provide]                        PROVIDE (end = .)
                0x20000418                        PROVIDE (_end = .)
                0x20000618                        . = (. + _Min_Heap_Size)
 *fill*         0x20000418      0x200 
                0x20000a18                        . = (. + _Min_Stack_Size)
 *fill*         0x20000618      0x400 
                0x20000a18                        . = ALIGN (0x8)

/DISCARD/
 libc.a(*)
 libm.a(*)
 libgcc.a(*)

.ARM.attributes
                0x00000000       0x30
 *(.ARM.attributes)
 .ARM.attributes
                0x00000000       0x22 C:/ST/STM32CubeIDE_1.15.1/STM32CubeIDE/plugins/com.st.stm32cube.ide.mcu.externaltools.gnu-tools-for-stm32.12.3.rel1.win32_1.0.100.202403111256/tools/bin/../lib/gcc/arm-none-eabi/12.3.1/thumb/v7e-m+fp/hard/crti.o
 .ARM.attributes
                0x00000022       0x34 C:/ST/STM32CubeIDE_1.15.1/STM32CubeIDE/plugins/com.st.stm32cube.ide.mcu.externaltools.gnu-tools-for-stm32.12.3.rel1.win32_1.0.100.202403111256/tools/bin/../lib/gcc/arm-none-eabi/12.3.1/thumb/v7e-m+fp/hard/crtbegin.o
 .ARM.attributes
                0x00000056       0x34 ./Src/CANx.o
 .ARM.attributes
                0x0000008a       0x34 ./Src/GPIOx.o
 .ARM.attributes
                0x000000be       0x34 ./Src/I2Cx.o
 .ARM.attributes
                0x000000f2       0x34 ./Src/NVIC.o
 .ARM.attributes
                0x00000126       0x34 ./Src/USARTx.o
 .ARM.attributes
                0x0000015a       0x34 ./Src/main.o
 .ARM.attributes
                0x0000018e       0x34 ./Src/sysmem.o
 .ARM.attributes
                0x000001c2       0x34 ./Src/system_stm32l4xx.o
 .ARM.attributes
                0x000001f6       0x21 ./Startup/startup_stm32l452retxp.o
 .ARM.attributes
                0x00000217       0x34 C:/ST/STM32CubeIDE_1.15.1/STM32CubeIDE/plugins/com.st.stm32cube.ide.mcu.externaltools.gnu-tools-for-stm32.12.3.rel1.win32_1.0.100.202403111256/tools/bin/../lib/gcc/arm-none-eabi/12.3.1/../../../../arm-none-eabi/lib/thumb/v7e-m+fp/hard\libc_nano.a(libc_a-findfp.o)
 .ARM.attributes
                0x0000024b       0x34 C:/ST/STM32CubeIDE_1.15.1/STM32CubeIDE/plugins/com.st.stm32cube.ide.mcu.externaltools.gnu-tools-for-stm32.12.3.rel1.win32_1.0.100.202403111256/tools/bin/../lib/gcc/arm-none-eabi/12.3.1/../../../../arm-none-eabi/lib/thumb/v7e-m+fp/hard\libc_nano.a(libc_a-sprintf.o)
 .ARM.attributes
                0x0000027f       0x34 C:/ST/STM32CubeIDE_1.15.1/STM32CubeIDE/plugins/com.st.stm32cube.ide.mcu.externaltools.gnu-tools-for-stm32.12.3.rel1.win32_1.0.100.202403111256/tools/bin/../lib/gcc/arm-none-eabi/12.3.1/../../../../arm-none-eabi/lib/thumb/v7e-m+fp/hard\libc_nano.a(libc_a-reent.o)
 .ARM.attributes
                0x000002b3       0x34 C:/ST/STM32CubeIDE_1.15.1/STM32CubeIDE/plugins/com.st.stm32cube.ide.mcu.externaltools.gnu-tools-for-stm32.12.3.rel1.win32_1.0.100.202403111256/tools/bin/../lib/gcc/arm-none-eabi/12.3.1/../../../../arm-none-eabi/lib/thumb/v7e-m+fp/hard\libc_nano.a(libc_a-impure.o)
 .ARM.attributes
                0x000002e7       0x34 C:/ST/STM32CubeIDE_1.15.1/STM32CubeIDE/plugins/com.st.stm32cube.ide.mcu.externaltools.gnu-tools-for-stm32.12.3.rel1.win32_1.0.100.202403111256/tools/bin/../lib/gcc/arm-none-eabi/12.3.1/../../../../arm-none-eabi/lib/thumb/v7e-m+fp/hard\libc_nano.a(libc_a-errno.o)
 .ARM.attributes
                0x0000031b       0x34 C:/ST/STM32CubeIDE_1.15.1/STM32CubeIDE/plugins/com.st.stm32cube.ide.mcu.externaltools.gnu-tools-for-stm32.12.3.rel1.win32_1.0.100.202403111256/tools/bin/../lib/gcc/arm-none-eabi/12.3.1/../../../../arm-none-eabi/lib/thumb/v7e-m+fp/hard\libc_nano.a(libc_a-init.o)
 .ARM.attributes
                0x0000034f       0x34 C:/ST/STM32CubeIDE_1.15.1/STM32CubeIDE/plugins/com.st.stm32cube.ide.mcu.externaltools.gnu-tools-for-stm32.12.3.rel1.win32_1.0.100.202403111256/tools/bin/../lib/gcc/arm-none-eabi/12.3.1/../../../../arm-none-eabi/lib/thumb/v7e-m+fp/hard\libc_nano.a(libc_a-lock.o)
 .ARM.attributes
                0x00000383       0x34 C:/ST/STM32CubeIDE_1.15.1/STM32CubeIDE/plugins/com.st.stm32cube.ide.mcu.externaltools.gnu-tools-for-stm32.12.3.rel1.win32_1.0.100.202403111256/tools/bin/../lib/gcc/arm-none-eabi/12.3.1/../../../../arm-none-eabi/lib/thumb/v7e-m+fp/hard\libc_nano.a(libc_a-freer.o)
 .ARM.attributes
                0x000003b7       0x34 C:/ST/STM32CubeIDE_1.15.1/STM32CubeIDE/plugins/com.st.stm32cube.ide.mcu.externaltools.gnu-tools-for-stm32.12.3.rel1.win32_1.0.100.202403111256/tools/bin/../lib/gcc/arm-none-eabi/12.3.1/../../../../arm-none-eabi/lib/thumb/v7e-m+fp/hard\libc_nano.a(libc_a-mallocr.o)
 .ARM.attributes
                0x000003eb       0x34 C:/ST/STM32CubeIDE_1.15.1/STM32CubeIDE/plugins/com.st.stm32cube.ide.mcu.externaltools.gnu-tools-for-stm32.12.3.rel1.win32_1.0.100.202403111256/tools/bin/../lib/gcc/arm-none-eabi/12.3.1/../../../../arm-none-eabi/lib/thumb/v7e-m+fp/hard\libc_nano.a(libc_a-mlock.o)
 .ARM.attributes
                0x0000041f       0x34 C:/ST/STM32CubeIDE_1.15.1/STM32CubeIDE/plugins/com.st.stm32cube.ide.mcu.externaltools.gnu-tools-for-stm32.12.3.rel1.win32_1.0.100.202403111256/tools/bin/../lib/gcc/arm-none-eabi/12.3.1/../../../../arm-none-eabi/lib/thumb/v7e-m+fp/hard\libc_nano.a(libc_a-nano-svfprintf.o)
 .ARM.attributes
                0x00000453       0x34 C:/ST/STM32CubeIDE_1.15.1/STM32CubeIDE/plugins/com.st.stm32cube.ide.mcu.externaltools.gnu-tools-for-stm32.12.3.rel1.win32_1.0.100.202403111256/tools/bin/../lib/gcc/arm-none-eabi/12.3.1/../../../../arm-none-eabi/lib/thumb/v7e-m+fp/hard\libc_nano.a(libc_a-nano-vfprintf_i.o)
 .ARM.attributes
                0x00000487       0x34 C:/ST/STM32CubeIDE_1.15.1/STM32CubeIDE/plugins/com.st.stm32cube.ide.mcu.externaltools.gnu-tools-for-stm32.12.3.rel1.win32_1.0.100.202403111256/tools/bin/../lib/gcc/arm-none-eabi/12.3.1/../../../../arm-none-eabi/lib/thumb/v7e-m+fp/hard\libc_nano.a(libc_a-memmove.o)
 .ARM.attributes
                0x000004bb       0x34 C:/ST/STM32CubeIDE_1.15.1/STM32CubeIDE/plugins/com.st.stm32cube.ide.mcu.externaltools.gnu-tools-for-stm32.12.3.rel1.win32_1.0.100.202403111256/tools/bin/../lib/gcc/arm-none-eabi/12.3.1/../../../../arm-none-eabi/lib/thumb/v7e-m+fp/hard\libc_nano.a(libc_a-sbrkr.o)
 .ARM.attributes
                0x000004ef       0x1c C:/ST/STM32CubeIDE_1.15.1/STM32CubeIDE/plugins/com.st.stm32cube.ide.mcu.externaltools.gnu-tools-for-stm32.12.3.rel1.win32_1.0.100.202403111256/tools/bin/../lib/gcc/arm-none-eabi/12.3.1/../../../../arm-none-eabi/lib/thumb/v7e-m+fp/hard\libc_nano.a(libc_a-memchr.o)
 .ARM.attributes
                0x0000050b       0x34 C:/ST/STM32CubeIDE_1.15.1/STM32CubeIDE/plugins/com.st.stm32cube.ide.mcu.externaltools.gnu-tools-for-stm32.12.3.rel1.win32_1.0.100.202403111256/tools/bin/../lib/gcc/arm-none-eabi/12.3.1/../../../../arm-none-eabi/lib/thumb/v7e-m+fp/hard\libc_nano.a(libc_a-memcpy-stub.o)
 .ARM.attributes
                0x0000053f       0x34 C:/ST/STM32CubeIDE_1.15.1/STM32CubeIDE/plugins/com.st.stm32cube.ide.mcu.externaltools.gnu-tools-for-stm32.12.3.rel1.win32_1.0.100.202403111256/tools/bin/../lib/gcc/arm-none-eabi/12.3.1/../../../../arm-none-eabi/lib/thumb/v7e-m+fp/hard\libc_nano.a(libc_a-reallocr.o)
 .ARM.attributes
                0x00000573       0x34 C:/ST/STM32CubeIDE_1.15.1/STM32CubeIDE/plugins/com.st.stm32cube.ide.mcu.externaltools.gnu-tools-for-stm32.12.3.rel1.win32_1.0.100.202403111256/tools/bin/../lib/gcc/arm-none-eabi/12.3.1/../../../../arm-none-eabi/lib/thumb/v7e-m+fp/hard\libc_nano.a(libc_a-msizer.o)
 .ARM.attributes
                0x000005a7       0x22 C:/ST/STM32CubeIDE_1.15.1/STM32CubeIDE/plugins/com.st.stm32cube.ide.mcu.externaltools.gnu-tools-for-stm32.12.3.rel1.win32_1.0.100.202403111256/tools/bin/../lib/gcc/arm-none-eabi/12.3.1/thumb/v7e-m+fp/hard/crtn.o
OUTPUT(GeoTel.elf elf32-littlearm)
LOAD linker stubs
LOAD C:/ST/STM32CubeIDE_1.15.1/STM32CubeIDE/plugins/com.st.stm32cube.ide.mcu.externaltools.gnu-tools-for-stm32.12.3.rel1.win32_1.0.100.202403111256/tools/bin/../lib/gcc/arm-none-eabi/12.3.1/../../../../arm-none-eabi/lib/thumb/v7e-m+fp/hard\libc.a
LOAD C:/ST/STM32CubeIDE_1.15.1/STM32CubeIDE/plugins/com.st.stm32cube.ide.mcu.externaltools.gnu-tools-for-stm32.12.3.rel1.win32_1.0.100.202403111256/tools/bin/../lib/gcc/arm-none-eabi/12.3.1/../../../../arm-none-eabi/lib/thumb/v7e-m+fp/hard\libm.a
LOAD C:/ST/STM32CubeIDE_1.15.1/STM32CubeIDE/plugins/com.st.stm32cube.ide.mcu.externaltools.gnu-tools-for-stm32.12.3.rel1.win32_1.0.100.202403111256/tools/bin/../lib/gcc/arm-none-eabi/12.3.1/thumb/v7e-m+fp/hard\libgcc.a

.debug_info     0x00000000     0x39a8
 .debug_info    0x00000000      0x836 ./Src/CANx.o
 .debug_info    0x00000836      0x440 ./Src/GPIOx.o
 .debug_info    0x00000c76      0x582 ./Src/I2Cx.o
 .debug_info    0x000011f8      0x20c ./Src/NVIC.o
 .debug_info    0x00001404      0x846 ./Src/USARTx.o
 .debug_info    0x00001c4a     0x1600 ./Src/main.o
 .debug_info    0x0000324a      0x168 ./Src/sysmem.o
 .debug_info    0x000033b2      0x5c6 ./Src/system_stm32l4xx.o
 .debug_info    0x00003978       0x30 ./Startup/startup_stm32l452retxp.o

.debug_abbrev   0x00000000      0xc18
 .debug_abbrev  0x00000000      0x1c3 ./Src/CANx.o
 .debug_abbrev  0x000001c3       0xff ./Src/GPIOx.o
 .debug_abbrev  0x000002c2      0x138 ./Src/I2Cx.o
 .debug_abbrev  0x000003fa       0xf1 ./Src/NVIC.o
 .debug_abbrev  0x000004eb      0x1f6 ./Src/USARTx.o
 .debug_abbrev  0x000006e1      0x33d ./Src/main.o
 .debug_abbrev  0x00000a1e       0xbc ./Src/sysmem.o
 .debug_abbrev  0x00000ada      0x11a ./Src/system_stm32l4xx.o
 .debug_abbrev  0x00000bf4       0x24 ./Startup/startup_stm32l452retxp.o

.debug_aranges  0x00000000      0x448
 .debug_aranges
                0x00000000       0x88 ./Src/CANx.o
 .debug_aranges
                0x00000088       0x38 ./Src/GPIOx.o
 .debug_aranges
                0x000000c0       0x58 ./Src/I2Cx.o
 .debug_aranges
                0x00000118       0x20 ./Src/NVIC.o
 .debug_aranges
                0x00000138       0x50 ./Src/USARTx.o
 .debug_aranges
                0x00000188      0x250 ./Src/main.o
 .debug_aranges
                0x000003d8       0x20 ./Src/sysmem.o
 .debug_aranges
                0x000003f8       0x28 ./Src/system_stm32l4xx.o
 .debug_aranges
                0x00000420       0x28 ./Startup/startup_stm32l452retxp.o

.debug_rnglists
                0x00000000      0x330
 .debug_rnglists
                0x00000000       0x69 ./Src/CANx.o
 .debug_rnglists
                0x00000069       0x28 ./Src/GPIOx.o
 .debug_rnglists
                0x00000091       0x42 ./Src/I2Cx.o
 .debug_rnglists
                0x000000d3       0x13 ./Src/NVIC.o
 .debug_rnglists
                0x000000e6       0x3a ./Src/USARTx.o
 .debug_rnglists
                0x00000120      0x1ca ./Src/main.o
 .debug_rnglists
                0x000002ea       0x13 ./Src/sysmem.o
 .debug_rnglists
                0x000002fd       0x1a ./Src/system_stm32l4xx.o
 .debug_rnglists
                0x00000317       0x19 ./Startup/startup_stm32l452retxp.o

.debug_macro    0x00000000    0x1941b
 .debug_macro   0x00000000       0xea ./Src/CANx.o
 .debug_macro   0x000000ea      0xaba ./Src/CANx.o
 .debug_macro   0x00000ba4       0x2e ./Src/CANx.o
 .debug_macro   0x00000bd2       0x28 ./Src/CANx.o
 .debug_macro   0x00000bfa       0x22 ./Src/CANx.o
 .debug_macro   0x00000c1c       0x8e ./Src/CANx.o
 .debug_macro   0x00000caa       0x51 ./Src/CANx.o
 .debug_macro   0x00000cfb      0x103 ./Src/CANx.o
 .debug_macro   0x00000dfe       0x6a ./Src/CANx.o
 .debug_macro   0x00000e68      0x1df ./Src/CANx.o
 .debug_macro   0x00001047       0x1c ./Src/CANx.o
 .debug_macro   0x00001063       0x22 ./Src/CANx.o
 .debug_macro   0x00001085       0xfb ./Src/CANx.o
 .debug_macro   0x00001180     0x1011 ./Src/CANx.o
 .debug_macro   0x00002191      0x11f ./Src/CANx.o
 .debug_macro   0x000022b0    0x1634b ./Src/CANx.o
 .debug_macro   0x000185fb       0x6d ./Src/CANx.o
 .debug_macro   0x00018668       0x22 ./Src/CANx.o
 .debug_macro   0x0001868a       0x58 ./Src/CANx.o
 .debug_macro   0x000186e2      0x119 ./Src/GPIOx.o
 .debug_macro   0x000187fb       0xd7 ./Src/I2Cx.o
 .debug_macro   0x000188d2       0xe5 ./Src/NVIC.o
 .debug_macro   0x000189b7       0xfa ./Src/USARTx.o
 .debug_macro   0x00018ab1       0x70 ./Src/USARTx.o
 .debug_macro   0x00018b21      0x175 ./Src/main.o
 .debug_macro   0x00018c96       0x5e ./Src/main.o
 .debug_macro   0x00018cf4       0xb8 ./Src/main.o
 .debug_macro   0x00018dac      0x1de ./Src/main.o
 .debug_macro   0x00018f8a       0x76 ./Src/main.o
 .debug_macro   0x00019000       0xff ./Src/sysmem.o
 .debug_macro   0x000190ff      0x23c ./Src/sysmem.o
 .debug_macro   0x0001933b       0xe0 ./Src/system_stm32l4xx.o

.debug_line     0x00000000     0x3ecb
 .debug_line    0x00000000      0x8f2 ./Src/CANx.o
 .debug_line    0x000008f2      0x570 ./Src/GPIOx.o
 .debug_line    0x00000e62      0x6fb ./Src/I2Cx.o
 .debug_line    0x0000155d      0x4d3 ./Src/NVIC.o
 .debug_line    0x00001a30      0x72d ./Src/USARTx.o
 .debug_line    0x0000215d     0x1226 ./Src/main.o
 .debug_line    0x00003383      0x57e ./Src/sysmem.o
 .debug_line    0x00003901      0x54f ./Src/system_stm32l4xx.o
 .debug_line    0x00003e50       0x7b ./Startup/startup_stm32l452retxp.o

.debug_str      0x00000000    0x8b30c
 .debug_str     0x00000000    0x873f0 ./Src/CANx.o
                              0x875a4 (size before relaxing)
 .debug_str     0x000873f0      0x155 ./Src/GPIOx.o
                              0x873d6 (size before relaxing)
 .debug_str     0x00087545       0xff ./Src/I2Cx.o
                              0x87387 (size before relaxing)
 .debug_str     0x00087644       0x70 ./Src/NVIC.o
                              0x871cf (size before relaxing)
 .debug_str     0x000876b4      0x6ce ./Src/USARTx.o
                              0x879e3 (size before relaxing)
 .debug_str     0x00087d82     0x110d ./Src/main.o
                              0x88d3a (size before relaxing)
 .debug_str     0x00088e8f     0x2316 ./Src/sysmem.o
                               0x60c7 (size before relaxing)
 .debug_str     0x0008b1a5      0x127 ./Src/system_stm32l4xx.o
                              0x87357 (size before relaxing)
 .debug_str     0x0008b2cc       0x40 ./Startup/startup_stm32l452retxp.o
                                 0x77 (size before relaxing)

.comment        0x00000000       0x43
 .comment       0x00000000       0x43 ./Src/CANx.o
                                 0x44 (size before relaxing)
 .comment       0x00000043       0x44 ./Src/GPIOx.o
 .comment       0x00000043       0x44 ./Src/I2Cx.o
 .comment       0x00000043       0x44 ./Src/NVIC.o
 .comment       0x00000043       0x44 ./Src/USARTx.o
 .comment       0x00000043       0x44 ./Src/main.o
 .comment       0x00000043       0x44 ./Src/sysmem.o
 .comment       0x00000043       0x44 ./Src/system_stm32l4xx.o

.debug_frame    0x00000000     0x13cc
 .debug_frame   0x00000000      0x238 ./Src/CANx.o
 .debug_frame   0x00000238       0xb0 ./Src/GPIOx.o
 .debug_frame   0x000002e8      0x13c ./Src/I2Cx.o
 .debug_frame   0x00000424       0x38 ./Src/NVIC.o
 .debug_frame   0x0000045c      0x118 ./Src/USARTx.o
 .debug_frame   0x00000574      0x868 ./Src/main.o
 .debug_frame   0x00000ddc       0x34 ./Src/sysmem.o
 .debug_frame   0x00000e10       0x58 ./Src/system_stm32l4xx.o
 .debug_frame   0x00000e68      0x144 C:/ST/STM32CubeIDE_1.15.1/STM32CubeIDE/plugins/com.st.stm32cube.ide.mcu.externaltools.gnu-tools-for-stm32.12.3.rel1.win32_1.0.100.202403111256/tools/bin/../lib/gcc/arm-none-eabi/12.3.1/../../../../arm-none-eabi/lib/thumb/v7e-m+fp/hard\libc_nano.a(libc_a-findfp.o)
 .debug_frame   0x00000fac       0x6c C:/ST/STM32CubeIDE_1.15.1/STM32CubeIDE/plugins/com.st.stm32cube.ide.mcu.externaltools.gnu-tools-for-stm32.12.3.rel1.win32_1.0.100.202403111256/tools/bin/../lib/gcc/arm-none-eabi/12.3.1/../../../../arm-none-eabi/lib/thumb/v7e-m+fp/hard\libc_nano.a(libc_a-sprintf.o)
 .debug_frame   0x00001018       0x38 C:/ST/STM32CubeIDE_1.15.1/STM32CubeIDE/plugins/com.st.stm32cube.ide.mcu.externaltools.gnu-tools-for-stm32.12.3.rel1.win32_1.0.100.202403111256/tools/bin/../lib/gcc/arm-none-eabi/12.3.1/../../../../arm-none-eabi/lib/thumb/v7e-m+fp/hard\libc_nano.a(libc_a-reent.o)
 .debug_frame   0x00001050       0x20 C:/ST/STM32CubeIDE_1.15.1/STM32CubeIDE/plugins/com.st.stm32cube.ide.mcu.externaltools.gnu-tools-for-stm32.12.3.rel1.win32_1.0.100.202403111256/tools/bin/../lib/gcc/arm-none-eabi/12.3.1/../../../../arm-none-eabi/lib/thumb/v7e-m+fp/hard\libc_nano.a(libc_a-errno.o)
 .debug_frame   0x00001070       0x2c C:/ST/STM32CubeIDE_1.15.1/STM32CubeIDE/plugins/com.st.stm32cube.ide.mcu.externaltools.gnu-tools-for-stm32.12.3.rel1.win32_1.0.100.202403111256/tools/bin/../lib/gcc/arm-none-eabi/12.3.1/../../../../arm-none-eabi/lib/thumb/v7e-m+fp/hard\libc_nano.a(libc_a-init.o)
 .debug_frame   0x0000109c       0xb0 C:/ST/STM32CubeIDE_1.15.1/STM32CubeIDE/plugins/com.st.stm32cube.ide.mcu.externaltools.gnu-tools-for-stm32.12.3.rel1.win32_1.0.100.202403111256/tools/bin/../lib/gcc/arm-none-eabi/12.3.1/../../../../arm-none-eabi/lib/thumb/v7e-m+fp/hard\libc_nano.a(libc_a-lock.o)
 .debug_frame   0x0000114c       0x38 C:/ST/STM32CubeIDE_1.15.1/STM32CubeIDE/plugins/com.st.stm32cube.ide.mcu.externaltools.gnu-tools-for-stm32.12.3.rel1.win32_1.0.100.202403111256/tools/bin/../lib/gcc/arm-none-eabi/12.3.1/../../../../arm-none-eabi/lib/thumb/v7e-m+fp/hard\libc_nano.a(libc_a-freer.o)
 .debug_frame   0x00001184       0x50 C:/ST/STM32CubeIDE_1.15.1/STM32CubeIDE/plugins/com.st.stm32cube.ide.mcu.externaltools.gnu-tools-for-stm32.12.3.rel1.win32_1.0.100.202403111256/tools/bin/../lib/gcc/arm-none-eabi/12.3.1/../../../../arm-none-eabi/lib/thumb/v7e-m+fp/hard\libc_nano.a(libc_a-mallocr.o)
 .debug_frame   0x000011d4       0x30 C:/ST/STM32CubeIDE_1.15.1/STM32CubeIDE/plugins/com.st.stm32cube.ide.mcu.externaltools.gnu-tools-for-stm32.12.3.rel1.win32_1.0.100.202403111256/tools/bin/../lib/gcc/arm-none-eabi/12.3.1/../../../../arm-none-eabi/lib/thumb/v7e-m+fp/hard\libc_nano.a(libc_a-mlock.o)
 .debug_frame   0x00001204       0x90 C:/ST/STM32CubeIDE_1.15.1/STM32CubeIDE/plugins/com.st.stm32cube.ide.mcu.externaltools.gnu-tools-for-stm32.12.3.rel1.win32_1.0.100.202403111256/tools/bin/../lib/gcc/arm-none-eabi/12.3.1/../../../../arm-none-eabi/lib/thumb/v7e-m+fp/hard\libc_nano.a(libc_a-nano-svfprintf.o)
 .debug_frame   0x00001294       0x60 C:/ST/STM32CubeIDE_1.15.1/STM32CubeIDE/plugins/com.st.stm32cube.ide.mcu.externaltools.gnu-tools-for-stm32.12.3.rel1.win32_1.0.100.202403111256/tools/bin/../lib/gcc/arm-none-eabi/12.3.1/../../../../arm-none-eabi/lib/thumb/v7e-m+fp/hard\libc_nano.a(libc_a-nano-vfprintf_i.o)
 .debug_frame   0x000012f4       0x28 C:/ST/STM32CubeIDE_1.15.1/STM32CubeIDE/plugins/com.st.stm32cube.ide.mcu.externaltools.gnu-tools-for-stm32.12.3.rel1.win32_1.0.100.202403111256/tools/bin/../lib/gcc/arm-none-eabi/12.3.1/../../../../arm-none-eabi/lib/thumb/v7e-m+fp/hard\libc_nano.a(libc_a-memmove.o)
 .debug_frame   0x0000131c       0x2c C:/ST/STM32CubeIDE_1.15.1/STM32CubeIDE/plugins/com.st.stm32cube.ide.mcu.externaltools.gnu-tools-for-stm32.12.3.rel1.win32_1.0.100.202403111256/tools/bin/../lib/gcc/arm-none-eabi/12.3.1/../../../../arm-none-eabi/lib/thumb/v7e-m+fp/hard\libc_nano.a(libc_a-sbrkr.o)
 .debug_frame   0x00001348       0x28 C:/ST/STM32CubeIDE_1.15.1/STM32CubeIDE/plugins/com.st.stm32cube.ide.mcu.externaltools.gnu-tools-for-stm32.12.3.rel1.win32_1.0.100.202403111256/tools/bin/../lib/gcc/arm-none-eabi/12.3.1/../../../../arm-none-eabi/lib/thumb/v7e-m+fp/hard\libc_nano.a(libc_a-memcpy-stub.o)
 .debug_frame   0x00001370       0x3c C:/ST/STM32CubeIDE_1.15.1/STM32CubeIDE/plugins/com.st.stm32cube.ide.mcu.externaltools.gnu-tools-for-stm32.12.3.rel1.win32_1.0.100.202403111256/tools/bin/../lib/gcc/arm-none-eabi/12.3.1/../../../../arm-none-eabi/lib/thumb/v7e-m+fp/hard\libc_nano.a(libc_a-reallocr.o)
 .debug_frame   0x000013ac       0x20 C:/ST/STM32CubeIDE_1.15.1/STM32CubeIDE/plugins/com.st.stm32cube.ide.mcu.externaltools.gnu-tools-for-stm32.12.3.rel1.win32_1.0.100.202403111256/tools/bin/../lib/gcc/arm-none-eabi/12.3.1/../../../../arm-none-eabi/lib/thumb/v7e-m+fp/hard\libc_nano.a(libc_a-msizer.o)

.debug_line_str
                0x00000000       0x5b
 .debug_line_str
                0x00000000       0x5b ./Startup/startup_stm32l452retxp.o
