Archive member included to satisfy reference by file (symbol)

C:/ST/STM32CubeIDE_1.15.1/STM32CubeIDE/plugins/com.st.stm32cube.ide.mcu.externaltools.gnu-tools-for-stm32.12.3.rel1.win32_1.0.100.202403111256/tools/bin/../lib/gcc/arm-none-eabi/12.3.1/../../../../arm-none-eabi/lib/thumb/v7e-m+fp/hard\libc_nano.a(libc_a-exit.o)
                              C:/ST/STM32CubeIDE_1.15.1/STM32CubeIDE/plugins/com.st.stm32cube.ide.mcu.externaltools.gnu-tools-for-stm32.12.3.rel1.win32_1.0.100.202403111256/tools/bin/../lib/gcc/arm-none-eabi/12.3.1/../../../../arm-none-eabi/lib/thumb/v7e-m+fp/hard/crt0.o (exit)
C:/ST/STM32CubeIDE_1.15.1/STM32CubeIDE/plugins/com.st.stm32cube.ide.mcu.externaltools.gnu-tools-for-stm32.12.3.rel1.win32_1.0.100.202403111256/tools/bin/../lib/gcc/arm-none-eabi/12.3.1/../../../../arm-none-eabi/lib/thumb/v7e-m+fp/hard\libc_nano.a(libc_a-findfp.o)
                              C:/ST/STM32CubeIDE_1.15.1/STM32CubeIDE/plugins/com.st.stm32cube.ide.mcu.externaltools.gnu-tools-for-stm32.12.3.rel1.win32_1.0.100.202403111256/tools/bin/../lib/gcc/arm-none-eabi/12.3.1/../../../../arm-none-eabi/lib/thumb/v7e-m+fp/hard\libc_nano.a(libc_a-exit.o) (__stdio_exit_handler)
C:/ST/STM32CubeIDE_1.15.1/STM32CubeIDE/plugins/com.st.stm32cube.ide.mcu.externaltools.gnu-tools-for-stm32.12.3.rel1.win32_1.0.100.202403111256/tools/bin/../lib/gcc/arm-none-eabi/12.3.1/../../../../arm-none-eabi/lib/thumb/v7e-m+fp/hard\libc_nano.a(libc_a-fwalk.o)
                              C:/ST/STM32CubeIDE_1.15.1/STM32CubeIDE/plugins/com.st.stm32cube.ide.mcu.externaltools.gnu-tools-for-stm32.12.3.rel1.win32_1.0.100.202403111256/tools/bin/../lib/gcc/arm-none-eabi/12.3.1/../../../../arm-none-eabi/lib/thumb/v7e-m+fp/hard\libc_nano.a(libc_a-findfp.o) (_fwalk_sglue)
C:/ST/STM32CubeIDE_1.15.1/STM32CubeIDE/plugins/com.st.stm32cube.ide.mcu.externaltools.gnu-tools-for-stm32.12.3.rel1.win32_1.0.100.202403111256/tools/bin/../lib/gcc/arm-none-eabi/12.3.1/../../../../arm-none-eabi/lib/thumb/v7e-m+fp/hard\libc_nano.a(libc_a-snprintf.o)
                              ./Src/main.o (snprintf)
C:/ST/STM32CubeIDE_1.15.1/STM32CubeIDE/plugins/com.st.stm32cube.ide.mcu.externaltools.gnu-tools-for-stm32.12.3.rel1.win32_1.0.100.202403111256/tools/bin/../lib/gcc/arm-none-eabi/12.3.1/../../../../arm-none-eabi/lib/thumb/v7e-m+fp/hard\libc_nano.a(libc_a-sprintf.o)
                              ./Src/main.o (sprintf)
C:/ST/STM32CubeIDE_1.15.1/STM32CubeIDE/plugins/com.st.stm32cube.ide.mcu.externaltools.gnu-tools-for-stm32.12.3.rel1.win32_1.0.100.202403111256/tools/bin/../lib/gcc/arm-none-eabi/12.3.1/../../../../arm-none-eabi/lib/thumb/v7e-m+fp/hard\libc_nano.a(libc_a-stdio.o)
                              C:/ST/STM32CubeIDE_1.15.1/STM32CubeIDE/plugins/com.st.stm32cube.ide.mcu.externaltools.gnu-tools-for-stm32.12.3.rel1.win32_1.0.100.202403111256/tools/bin/../lib/gcc/arm-none-eabi/12.3.1/../../../../arm-none-eabi/lib/thumb/v7e-m+fp/hard\libc_nano.a(libc_a-findfp.o) (__sread)
C:/ST/STM32CubeIDE_1.15.1/STM32CubeIDE/plugins/com.st.stm32cube.ide.mcu.externaltools.gnu-tools-for-stm32.12.3.rel1.win32_1.0.100.202403111256/tools/bin/../lib/gcc/arm-none-eabi/12.3.1/../../../../arm-none-eabi/lib/thumb/v7e-m+fp/hard\libc_nano.a(libc_a-memset.o)
                              C:/ST/STM32CubeIDE_1.15.1/STM32CubeIDE/plugins/com.st.stm32cube.ide.mcu.externaltools.gnu-tools-for-stm32.12.3.rel1.win32_1.0.100.202403111256/tools/bin/../lib/gcc/arm-none-eabi/12.3.1/../../../../arm-none-eabi/lib/thumb/v7e-m+fp/hard/crt0.o (memset)
C:/ST/STM32CubeIDE_1.15.1/STM32CubeIDE/plugins/com.st.stm32cube.ide.mcu.externaltools.gnu-tools-for-stm32.12.3.rel1.win32_1.0.100.202403111256/tools/bin/../lib/gcc/arm-none-eabi/12.3.1/../../../../arm-none-eabi/lib/thumb/v7e-m+fp/hard\libc_nano.a(libc_a-closer.o)
                              C:/ST/STM32CubeIDE_1.15.1/STM32CubeIDE/plugins/com.st.stm32cube.ide.mcu.externaltools.gnu-tools-for-stm32.12.3.rel1.win32_1.0.100.202403111256/tools/bin/../lib/gcc/arm-none-eabi/12.3.1/../../../../arm-none-eabi/lib/thumb/v7e-m+fp/hard\libc_nano.a(libc_a-stdio.o) (_close_r)
C:/ST/STM32CubeIDE_1.15.1/STM32CubeIDE/plugins/com.st.stm32cube.ide.mcu.externaltools.gnu-tools-for-stm32.12.3.rel1.win32_1.0.100.202403111256/tools/bin/../lib/gcc/arm-none-eabi/12.3.1/../../../../arm-none-eabi/lib/thumb/v7e-m+fp/hard\libc_nano.a(libc_a-reent.o)
                              C:/ST/STM32CubeIDE_1.15.1/STM32CubeIDE/plugins/com.st.stm32cube.ide.mcu.externaltools.gnu-tools-for-stm32.12.3.rel1.win32_1.0.100.202403111256/tools/bin/../lib/gcc/arm-none-eabi/12.3.1/../../../../arm-none-eabi/lib/thumb/v7e-m+fp/hard\libc_nano.a(libc_a-closer.o) (errno)
C:/ST/STM32CubeIDE_1.15.1/STM32CubeIDE/plugins/com.st.stm32cube.ide.mcu.externaltools.gnu-tools-for-stm32.12.3.rel1.win32_1.0.100.202403111256/tools/bin/../lib/gcc/arm-none-eabi/12.3.1/../../../../arm-none-eabi/lib/thumb/v7e-m+fp/hard\libc_nano.a(libc_a-impure.o)
[...]
Memory Configuration

Name             Origin             Length             Attributes
RAM              0x20000000         0x00028000         xrw
SRAM2            0x10000000         0x00008000         xrw
FLASH            0x08000000         0x00080000         xr
*default*        0x00000000         0xffffffff

Linker script and memory map

LOAD C:/ST/STM32CubeIDE_1.15.1/STM32CubeIDE/plugins/com.st.stm32cube.ide.mcu.externaltools.gnu-tools-for-stm32.12.3.rel1.win32_1.0.100.202403111256/tools/bin/../lib/gcc/arm-none-eabi/12.3.1/thumb/v7e-m+fp/hard/crti.o
LOAD C:/ST/STM32CubeIDE_1.15.1/STM32CubeIDE/plugins/com.st.stm32cube.ide.mcu.externaltools.gnu-tools-for-stm32.12.3.rel1.win32_1.0.100.202403111256/tools/bin/../lib/gcc/arm-none-eabi/12.3.1/thumb/v7e-m+fp/hard/crtbegin.o
LOAD C:/ST/STM32CubeIDE_1.15.1/STM32CubeIDE/plugins/com.st.stm32cube.ide.mcu.externaltools.gnu-tools-for-stm32.12.3.rel1.win32_1.0.100.202403111256/tools/bin/../lib/gcc/arm-none-eabi/12.3.1/../../../../arm-none-eabi/lib/thumb/v7e-m+fp/hard/crt0.o
LOAD ./Src/CANx.o
LOAD ./Src/GPIOx.o
LOAD ./Src/I2Cx.o
LOAD ./Src/NVIC.o
LOAD ./Src/USARTx.o
LOAD ./Src/main.o
LOAD ./Src/syscalls.o
LOAD ./Src/sysmem.o
LOAD ./Src/system_stm32l4xx.o
LOAD ./Startup/startup_stm32l452retxp.o
START GROUP
LOAD C:/ST/STM32CubeIDE_1.15.1/STM32CubeIDE/plugins/com.st.stm32cube.ide.mcu.externaltools.gnu-tools-for-stm32.12.3.rel1.win32_1.0.100.202403111256/tools/bin/../lib/gcc/arm-none-eabi/12.3.1/../../../../arm-none-eabi/lib/thumb/v7e-m+fp/hard\libc_nano.a
LOAD C:/ST/STM32CubeIDE_1.15.1/STM32CubeIDE/plugins/com.st.stm32cube.ide.mcu.externaltools.gnu-tools-for-stm32.12.3.rel1.win32_1.0.100.202403111256/tools/bin/../lib/gcc/arm-none-eabi/12.3.1/../../../../arm-none-eabi/lib/thumb/v7e-m+fp/hard\libm.a
END GROUP
START GROUP
LOAD C:/ST/STM32CubeIDE_1.15.1/STM32CubeIDE/plugins/com.st.stm32cube.ide.mcu.externaltools.gnu-tools-for-stm32.12.3.rel1.win32_1.0.100.202403111256/tools/bin/../lib/gcc/arm-none-eabi/12.3.1/thumb/v7e-m+fp/hard\libgcc.a
LOAD C:/ST/STM32CubeIDE_1.15.1/STM32CubeIDE/plugins/com.st.stm32cube.ide.mcu.externaltools.gnu-tools-for-stm32.12.3.rel1.win32_1.0.100.202403111256/tools/bin/../lib/gcc/arm-none-eabi/12.3.1/../../../../arm-none-eabi/lib/thumb/v7e-m+fp/hard\libc_nano.a
END GROUP
START GROUP
LOAD C:/ST/STM32CubeIDE_1.15.1/STM32CubeIDE/plugins/com.st.stm32cube.ide.mcu.externaltools.gnu-tools-for-stm32.12.3.rel1.win32_1.0.100.202403111256/tools/bin/../lib/gcc/arm-none-eabi/12.3.1/thumb/v7e-m+fp/hard\libgcc.a
LOAD C:/ST/STM32CubeIDE_1.15.1/STM32CubeIDE/plugins/com.st.stm32cube.ide.mcu.externaltools.gnu-tools-for-stm32.12.3.rel1.win32_1.0.100.202403111256/tools/bin/../lib/gcc/arm-none-eabi/12.3.1/../../../../arm-none-eabi/lib/thumb/v7e-m+fp/hard\libc_nano.a
LOAD C:/ST/STM32CubeIDE_1.15.1/STM32CubeIDE/plugins/com.st.stm32cube.ide.mcu.externaltools.gnu-tools-for-stm32.12.3.rel1.win32_1.0.100.202403111256/tools/bin/../lib/gcc/arm-none-eabi/12.3.1/../../../../arm-none-eabi/lib/thumb/v7e-m+fp/hard\libnosys.a
END GROUP
START GROUP
LOAD C:/ST/STM32CubeIDE_1.15.1/STM32CubeIDE/plugins/com.st.stm32cube.ide.mcu.externaltools.gnu-tools-for-stm32.12.3.rel1.win32_1.0.100.202403111256/tools/bin/../lib/gcc/arm-none-eabi/12.3.1/thumb/v7e-m+fp/hard\libgcc.a
LOAD C:/ST/STM32CubeIDE_1.15.1/STM32CubeIDE/plugins/com.st.stm32cube.ide.mcu.externaltools.gnu-tools-for-stm32.12.3.rel1.win32_1.0.100.202403111256/tools/bin/../lib/gcc/arm-none-eabi/12.3.1/../../../../arm-none-eabi/lib/thumb/v7e-m+fp/hard\libc_nano.a
LOAD C:/ST/STM32CubeIDE_1.15.1/STM32CubeIDE/plugins/com.st.stm32cube.ide.mcu.externaltools.gnu-tools-for-stm32.12.3.rel1.win32_1.0.100.202403111256/tools/bin/../lib/gcc/arm-none-eabi/12.3.1/../../../../arm-none-eabi/lib/thumb/v7e-m+fp/hard\libnosys.a
END GROUP
LOAD C:/ST/STM32CubeIDE_1.15.1/STM32CubeIDE/plugins/com.st.stm32cube.ide.mcu.externaltools.gnu-tools-for-stm32.12.3.rel1.win32_1.0.100.202403111256/tools/bin/../lib/gcc/arm-none-eabi/12.3.1/thumb/v7e-m+fp/hard/crtend.o
LOAD C:/ST/STM32CubeIDE_1.15.1/STM32CubeIDE/plugins/com.st.stm32cube.ide.mcu.externaltools.gnu-tools-for-stm32.12.3.rel1.win32_1.0.100.202403111256/tools/bin/../lib/gcc/arm-none-eabi/12.3.1/thumb/v7e-m+fp/hard/crtn.o
                0x20028000                        _estack = (ORIGIN (RAM) + LENGTH (RAM))
                0x00000200                        _Min_Heap_Size = 0x200
                0x00000400                        _Min_Stack_Size = 0x400

.isr_vector     0x08000000      0x194
                0x08000000                        . = ALIGN (0x4)
 *(.isr_vector)
 .isr_vector    0x08000000      0x194 ./Startup/startup_stm32l452retxp.o
                0x08000000                g_pfnVectors
                0x08000194                        . = ALIGN (0x4)

.text           0x080001a0     0x41f4
                0x080001a0                        . = ALIGN (0x4)
 *(.text)
 .text          0x080001a0       0x40 C:/ST/STM32CubeIDE_1.15.1/STM32CubeIDE/plugins/com.st.stm32cube.ide.mcu.externaltools.gnu-tools-for-stm32.12.3.rel1.win32_1.0.100.202403111256/tools/bin/../lib/gcc/arm-none-eabi/12.3.1/thumb/v7e-m+fp/hard/crtbegin.o
 .text          0x080001e0       0xa0 C:/ST/STM32CubeIDE_1.15.1/STM32CubeIDE/plugins/com.st.stm32cube.ide.mcu.externaltools.gnu-tools-for-stm32.12.3.rel1.win32_1.0.100.202403111256/tools/bin/../lib/gcc/arm-none-eabi/12.3.1/../../../../arm-none-eabi/lib/thumb/v7e-m+fp/hard\libc_nano.a(libc_a-memchr.o)
                0x080001e0                memchr
 .text          0x08000280      0x378 C:/ST/STM32CubeIDE_1.15.1/STM32CubeIDE/plugins/com.st.stm32cube.ide.mcu.externaltools.gnu-tools-for-stm32.12.3.rel1.win32_1.0.100.202403111256/tools/bin/../lib/gcc/arm-none-eabi/12.3.1/thumb/v7e-m+fp/hard\libgcc.a(_arm_addsubdf3.o)
                0x08000280                __aeabi_drsub
                0x08000288                __aeabi_dsub
                0x08000288                __subdf3
                0x0800028c                __aeabi_dadd
                0x0800028c                __adddf3
                0x08000504                __floatunsidf
                0x08000504                __aeabi_ui2d
                0x08000524                __floatsidf
                0x08000524                __aeabi_i2d
                0x08000548                __aeabi_f2d
                0x08000548                __extendsfdf2
                0x0800058c                __floatundidf
                0x0800058c                __aeabi_ul2d
                0x0800059c                __floatdidf
                0x0800059c                __aeabi_l2d
 .text          0x080005f8      0x424 C:/ST/STM32CubeIDE_1.15.1/STM32CubeIDE/plugins/com.st.stm32cube.ide.mcu.externaltools.gnu-tools-for-stm32.12.3.rel1.win32_1.0.100.202403111256/tools/bin/../lib/gcc/arm-none-eabi/12.3.1/thumb/v7e-m+fp/hard\libgcc.a(_arm_muldivdf3.o)
                0x080005f8                __aeabi_dmul
                0x080005f8                __muldf3
                0x0800084c                __divdf3
                0x0800084c                __aeabi_ddiv
 .text          0x08000a1c       0xa0 C:/ST/STM32CubeIDE_1.15.1/STM32CubeIDE/plugins/com.st.stm32cube.ide.mcu.externaltools.gnu-tools-for-stm32.12.3.rel1.win32_1.0.100.202403111256/tools/bin/../lib/gcc/arm-none-eabi/12.3.1/thumb/v7e-m+fp/hard\libgcc.a(_arm_truncdfsf2.o)
                0x08000a1c                __truncdfsf2
                0x08000a1c                __aeabi_d2f
 *(.text*)
 .text.RCC_En_CANx
                0x08000abc       0x30 ./Src/CANx.o
                0x08000abc                RCC_En_CANx
 .text.CANx_Init
                0x08000aec       0xc2 ./Src/CANx.o
                0x08000aec                CANx_Init
 .text.CANx_BitTiming_500Kz
                0x08000bae       0x60 ./Src/CANx.o
                0x08000bae                CANx_BitTiming_500Kz
 .text.CAN_FilterInit
                0x08000c0e      0x102 ./Src/CANx.o
                0x08000c0e                CAN_FilterInit
 .text.CAN_SetFilterValue
                0x08000d10       0xa6 ./Src/CANx.o
                0x08000d10                CAN_SetFilterValue
 .text.CAN_MailboxConfig
                0x08000db6       0xae ./Src/CANx.o
                0x08000db6                CAN_MailboxConfig
 .text.CAN_SendData
                0x08000e64       0xc2 ./Src/CANx.o
                0x08000e64                CAN_SendData
 .text.CAN_RequestTransmission
                0x08000f26       0x7c ./Src/CANx.o
                0x08000f26                CAN_RequestTransmission
 .text.CANx_EnFIFO1Ints
                0x08000fa2       0x20 ./Src/CANx.o
                0x08000fa2                CANx_EnFIFO1Ints
 .text.CANx_EnFIFO0Ints
                0x08000fc2       0x20 ./Src/CANx.o
                0x08000fc2                CANx_EnFIFO0Ints
 .text.CANx_GetLEC
                0x08000fe2       0x24 ./Src/CANx.o
                0x08000fe2                CANx_GetLEC
 .text.CAN1_Rx0_FIFOx
                0x08001006       0xfa ./Src/CANx.o
                0x08001006                CAN1_Rx0_FIFOx
 .text.CAN1_Rx1_FIFOx
                0x08001100       0xfa ./Src/CANx.o
                0x08001100                CAN1_Rx1_FIFOx
 .text.GPIOx_InitAF
                0x080011fa       0xde ./Src/GPIOx.o
                0x080011fa                GPIOx_InitAF
 .text.GPIOx_InitIO
                0x080012d8       0xaa ./Src/GPIOx.o
                0x080012d8                GPIOx_InitIO
 *fill*         0x08001382        0x2 
 .text.RCC_EnPort
                0x08001384       0xb0 ./Src/GPIOx.o
                0x08001384                RCC_EnPort
 .text.SystCLK_SetMSI
                0x08001434       0x48 ./Src/GPIOx.o
                0x08001434                SystCLK_SetMSI
 .text.I2C_delay
                0x0800147c       0x22 ./Src/I2Cx.o
                0x0800147c                I2C_delay
 *fill*         0x0800149e        0x2 
 .text.RCC_En_I2C
                0x080014a0       0x48 ./Src/I2Cx.o
                0x080014a0                RCC_En_I2C
 .text.I2C_Init
                0x080014e8       0x74 ./Src/I2Cx.o
                0x080014e8                I2C_Init
 .text.I2C_Tx_1Byte
                0x0800155c       0xc2 ./Src/I2Cx.o
                0x0800155c                I2C_Tx_1Byte
 .text.I2C_Rx_1Byte
                0x0800161e      0x12a ./Src/I2Cx.o
                0x0800161e                I2C_Rx_1Byte
 .text.I2C_Tx_2Bytes
                0x08001748       0xdc ./Src/I2Cx.o
                0x08001748                I2C_Tx_2Bytes
 .text.NVIC_Enable
                0x08001824       0x58 ./Src/NVIC.o
                0x08001824                NVIC_Enable
 .text.RCC_En_USARTx
                0x0800187c       0x60 ./Src/USARTx.o
                0x0800187c                RCC_En_USARTx
 .text.USARTx_CONF
                0x080018dc       0x90 ./Src/USARTx.o
                0x080018dc                USARTx_CONF
 .text.USART3_IRQHandler
                0x0800196c       0x3c ./Src/USARTx.o
                0x0800196c                USART3_IRQHandler
 .text.sendStringUARTx
                0x080019a8       0x3a ./Src/USARTx.o
                0x080019a8                sendStringUARTx
 .text.sendByteUARTx
                0x080019e2       0x30 ./Src/USARTx.o
                0x080019e2                sendByteUARTx
 *fill*         0x08001a12        0x2 
 .text.__NVIC_ClearPendingIRQ
                0x08001a14       0x3c ./Src/main.o
 .text.SSD1306_Init
                0x08001a50      0x138 ./Src/main.o
                0x08001a50                SSD1306_Init
 .text.SSD1306_WriteString
                0x08001b88       0x38 ./Src/main.o
                0x08001b88                SSD1306_WriteString
 .text.SSD1306_WriteChar
                0x08001bc0      0x200 ./Src/main.o
                0x08001bc0                SSD1306_WriteChar
 .text.Letra_A  0x08001dc0       0x60 ./Src/main.o
                0x08001dc0                Letra_A
 .text.Letra_B  0x08001e20       0x60 ./Src/main.o
                0x08001e20                Letra_B
 .text.Letra_C  0x08001e80       0x60 ./Src/main.o
                0x08001e80                Letra_C
 .text.Letra_D  0x08001ee0       0x60 ./Src/main.o
                0x08001ee0                Letra_D
 .text.Letra_E  0x08001f40       0x60 ./Src/main.o
                0x08001f40                Letra_E
 .text.Letra_F  0x08001fa0       0x60 ./Src/main.o
                0x08001fa0                Letra_F
 .text.Letra_G  0x08002000       0x60 ./Src/main.o
                0x08002000                Letra_G
 .text.Letra_H  0x08002060       0x60 ./Src/main.o
                0x08002060                Letra_H
 .text.Letra_I  0x080020c0       0x60 ./Src/main.o
                0x080020c0                Letra_I
 .text.Letra_J  0x08002120       0x60 ./Src/main.o
                0x08002120                Letra_J
 .text.Letra_K  0x08002180       0x60 ./Src/main.o
                0x08002180                Letra_K
 .text.Letra_L  0x080021e0       0x60 ./Src/main.o
                0x080021e0                Letra_L
 .text.Letra_M  0x08002240       0x6c ./Src/main.o
                0x08002240                Letra_M
 .text.Letra_N  0x080022ac       0x60 ./Src/main.o
                0x080022ac                Letra_N
 .text.Letra_O  0x0800230c       0x60 ./Src/main.o
                0x0800230c                Letra_O
 .text.Letra_P  0x0800236c       0x60 ./Src/main.o
                0x0800236c                Letra_P
 .text.Letra_Q  0x080023cc       0x60 ./Src/main.o
                0x080023cc                Letra_Q
 .text.Letra_R  0x0800242c       0x60 ./Src/main.o
                0x0800242c                Letra_R
 .text.Letra_S  0x0800248c       0x60 ./Src/main.o
                0x0800248c                Letra_S
 .text.Letra_T  0x080024ec       0x60 ./Src/main.o
                0x080024ec                Letra_T
 .text.Letra_U  0x0800254c       0x60 ./Src/main.o
                0x0800254c                Letra_U
 .text.Letra_W  0x080025ac       0x6c ./Src/main.o
                0x080025ac                Letra_W
 .text.Letra_X  0x08002618       0x60 ./Src/main.o
                0x08002618                Letra_X
 .text.Letra_Y  0x08002678       0x60 ./Src/main.o
                0x08002678                Letra_Y
 .text.Letra_Z  0x080026d8       0x60 ./Src/main.o
                0x080026d8                Letra_Z
 .text.Espacio  0x08002738       0x3c ./Src/main.o
                0x08002738                Espacio
 .text.Admiracion
                0x08002774       0x48 ./Src/main.o
                0x08002774                Admiracion
 .text.Numero_1
                0x080027bc       0x48 ./Src/main.o
                0x080027bc                Numero_1
 .text.Numero_2
                0x08002804       0x60 ./Src/main.o
                0x08002804                Numero_2
 .text.Numero_3
                0x08002864       0x60 ./Src/main.o
                0x08002864                Numero_3
 .text.Numero_4
                0x080028c4       0x60 ./Src/main.o
                0x080028c4                Numero_4
 .text.Numero_5
                0x08002924       0x60 ./Src/main.o
                0x08002924                Numero_5
 .text.Numero_6
                0x08002984       0x60 ./Src/main.o
                0x08002984                Numero_6
 .text.Numero_7
                0x080029e4       0x60 ./Src/main.o
                0x080029e4                Numero_7
 .text.Numero_8
                0x08002a44       0x60 ./Src/main.o
                0x08002a44                Numero_8
 .text.Numero_9
                0x08002aa4       0x60 ./Src/main.o
                0x08002aa4                Numero_9
 .text.Numero_0
                0x08002b04       0x60 ./Src/main.o
                0x08002b04                Numero_0
 .text.DosPuntos
                0x08002b64       0x30 ./Src/main.o
                0x08002b64                DosPuntos
 .text.Simbolo_Grados
                0x08002b94       0x3c ./Src/main.o
                0x08002b94                Simbolo_Grados
 .text.SSD1306_Clear
                0x08002bd0      0x1b8 ./Src/main.o
                0x08002bd0                SSD1306_Clear
 .text.SSD1306_PosCom
                0x08002d88       0x44 ./Src/main.o
                0x08002d88                SSD1306_PosCom
 .text.MPU6050_Init
                0x08002dcc       0x60 ./Src/main.o
                0x08002dcc                MPU6050_Init
 .text.MPU6050_Read
                0x08002e2c       0x34 ./Src/main.o
                0x08002e2c                MPU6050_Read
 .text.main     0x08002e60      0x274 ./Src/main.o
                0x08002e60                main
 .text.Init_Peripheral
                0x080030d4       0x40 ./Src/main.o
                0x080030d4                Init_Peripheral
 .text.Conf_Peripheral
                0x08003114       0xa4 ./Src/main.o
                0x08003114                Conf_Peripheral
 .text.MPU6050_Read_Ace_Giro
                0x080031b8      0x18c ./Src/main.o
                0x080031b8                MPU6050_Read_Ace_Giro
 .text.SecuanciaInicio
                0x08003344      0x19c ./Src/main.o
                0x08003344                SecuanciaInicio
 .text.delay    0x080034e0       0x22 ./Src/main.o
                0x080034e0                delay
 *fill*         0x08003502        0x2 
 .text.CAN1_RX0_IRQHandler
                0x08003504       0x50 ./Src/main.o
                0x08003504                CAN1_RX0_IRQHandler
 .text.CAN1_RX1_IRQHandler
                0x08003554       0x50 ./Src/main.o
                0x08003554                CAN1_RX1_IRQHandler
 .text.sendMessage_http_field1
                0x080035a4       0xb8 ./Src/main.o
                0x080035a4                sendMessage_http_field1
 .text.sendMessage_http_field4
                0x0800365c       0xb8 ./Src/main.o
                0x0800365c                sendMessage_http_field4
 .text.sendMessage_Cell
                0x08003714       0x80 ./Src/main.o
                0x08003714                sendMessage_Cell
 .text.Obdii_Message
                0x08003794       0x48 ./Src/main.o
                0x08003794                Obdii_Message
 .text.SSD1306_Refresh
                0x080037dc      0x10c ./Src/main.o
                0x080037dc                SSD1306_Refresh
 .text.Send_Telemetry
                0x080038e8       0x18 ./Src/main.o
                0x080038e8                Send_Telemetry
 .text._sbrk    0x08003900       0x6c ./Src/sysmem.o
                0x08003900                _sbrk
 .text.SystemInit
                0x0800396c       0x24 ./Src/system_stm32l4xx.o
                0x0800396c                SystemInit
 .text.Reset_Handler
                0x08003990       0x50 ./Startup/startup_stm32l452retxp.o
                0x08003990                Reset_Handler
 .text.Default_Handler
                0x080039e0        0x2 ./Startup/startup_stm32l452retxp.o
                0x080039e0                EXTI2_IRQHandler
                0x080039e0                DebugMon_Handler
                0x080039e0                DMA1_CH4_IRQHandler
                0x080039e0                TIM1_CC_IRQHandler
                0x080039e0                TSC_IRQHandler
                0x080039e0                HardFault_Handler
                0x080039e0                SysTick_Handler
                0x080039e0                PendSV_Handler
                0x080039e0                NMI_Handler
                0x080039e0                EXTI3_IRQHandler
                0x080039e0                LPTIM2_IRQHandler
                0x080039e0                DFSDM1_FLT1_IRQHandler
                0x080039e0                USB_FS_IRQHandler
                0x080039e0                I2C3_ER_IRQHandler
                0x080039e0                DFSDM1_FLT2_IRQHandler
                0x080039e0                TIM6_DACUNDER_IRQHandler
                0x080039e0                EXTI0_IRQHandler
                0x080039e0                I2C2_EV_IRQHandler
                0x080039e0                DMA2_CH1_IRQHandler
                0x080039e0                TIM1_UP_TIM16_IRQHandler
                0x080039e0                DMA2_CH7_IRQHandler
                0x080039e0                UsageFault_Handler
                0x080039e0                SPI1_IRQHandler
                0x080039e0                DMA1_CH7_IRQHandler
                0x080039e0                RTC_ALARM_IRQHandler
                0x080039e0                ADC1_IRQHandler
                0x080039e0                DFSDM1_FLT3_IRQHandler
                0x080039e0                DMA1_CH6_IRQHandler
                0x080039e0                LCD_IRQHandler
                0x080039e0                ADC3_IRQHandler
                0x080039e0                QUADSPI_IRQHandler
                0x080039e0                I2C1_EV_IRQHandler
                0x080039e0                DMA2_CH5_IRQHandler
                0x080039e0                UART4_IRQHandler
                0x080039e0                DMA1_CH3_IRQHandler
                0x080039e0                TIM3_IRQHandler
                0x080039e0                RCC_IRQHandler
                0x080039e0                TIM1_TRG_COM_IRQHandler
                0x080039e0                Default_Handler
                0x080039e0                EXTI15_10_IRQHandler
                0x080039e0                TIM7_IRQHandler
                0x080039e0                SDMMC1_IRQHandler
                0x080039e0                I2C3_EV_IRQHandler
                0x080039e0                EXTI9_5_IRQHandler
                0x080039e0                DMA1_CH2_IRQHandler
                0x080039e0                RTC_WKUP_IRQHandler
                0x080039e0                PVD_PVM_IRQHandler
                0x080039e0                SPI2_IRQHandler
                0x080039e0                DMA1_CH1_IRQHandler
                0x080039e0                MemManage_Handler
                0x080039e0                CAN1_TX_IRQHandler
                0x080039e0                SVC_Handler
                0x080039e0                CRS_IRQHandler
                0x080039e0                EXTI4_IRQHandler
                0x080039e0                RNG_IRQHandler
                0x080039e0                COMP_IRQHandler
                0x080039e0                WWDG_IRQHandler
                0x080039e0                I2C4_EV_IRQHandler
                0x080039e0                LPUART1_IRQHandler
                0x080039e0                TIM2_IRQHandler
                0x080039e0                EXTI1_IRQHandler
                0x080039e0                AES_IRQHandler
                0x080039e0                USART2_IRQHandler
                0x080039e0                DFSDM1_FLT0_IRQHandler
                0x080039e0                I2C2_ER_IRQHandler
                0x080039e0                CAN1_SCE_IRQHandler
                0x080039e0                FLASH_IRQHandler
                0x080039e0                BusFault_Handler
                0x080039e0                USART1_IRQHandler
                0x080039e0                SPI3_IRQHandler
                0x080039e0                DMA2_CH6_IRQHandler
                0x080039e0                DMA2_CH3_IRQHandler
                0x080039e0                DMA2_CH2_IRQHandler
                0x080039e0                I2C1_ER_IRQHandler
                0x080039e0                DMA1_CH5_IRQHandler
                0x080039e0                DMA2_CH4_IRQHandler
                0x080039e0                SWPMI1_IRQHandler
                0x080039e0                LPTIM1_IRQHandler
                0x080039e0                I2C4_ER_IRQHandler
                0x080039e0                RTC_TAMP_STAMP_IRQHandler
                0x080039e0                SAI1_IRQHandler
                0x080039e0                TIM1_BRK_TIM15_IRQHandler
 *fill*         0x080039e2        0x2 
 .text.snprintf
                0x080039e4       0x68 C:/ST/STM32CubeIDE_1.15.1/STM32CubeIDE/plugins/com.st.stm32cube.ide.mcu.externaltools.gnu-tools-for-stm32.12.3.rel1.win32_1.0.100.202403111256/tools/bin/../lib/gcc/arm-none-eabi/12.3.1/../../../../arm-none-eabi/lib/thumb/v7e-m+fp/hard\libc_nano.a(libc_a-snprintf.o)
                0x080039e4                sniprintf
                0x080039e4                snprintf
 .text.sprintf  0x08003a4c       0x40 C:/ST/STM32CubeIDE_1.15.1/STM32CubeIDE/plugins/com.st.stm32cube.ide.mcu.externaltools.gnu-tools-for-stm32.12.3.rel1.win32_1.0.100.202403111256/tools/bin/../lib/gcc/arm-none-eabi/12.3.1/../../../../arm-none-eabi/lib/thumb/v7e-m+fp/hard\libc_nano.a(libc_a-sprintf.o)
                0x08003a4c                siprintf
                0x08003a4c                sprintf
 .text.__errno  0x08003a8c        0xc C:/ST/STM32CubeIDE_1.15.1/STM32CubeIDE/plugins/com.st.stm32cube.ide.mcu.externaltools.gnu-tools-for-stm32.12.3.rel1.win32_1.0.100.202403111256/tools/bin/../lib/gcc/arm-none-eabi/12.3.1/../../../../arm-none-eabi/lib/thumb/v7e-m+fp/hard\libc_nano.a(libc_a-errno.o)
                0x08003a8c                __errno
 .text.__libc_init_array
                0x08003a98       0x48 C:/ST/STM32CubeIDE_1.15.1/STM32CubeIDE/plugins/com.st.stm32cube.ide.mcu.externaltools.gnu-tools-for-stm32.12.3.rel1.win32_1.0.100.202403111256/tools/bin/../lib/gcc/arm-none-eabi/12.3.1/../../../../arm-none-eabi/lib/thumb/v7e-m+fp/hard\libc_nano.a(libc_a-init.o)
                0x08003a98                __libc_init_array
 .text.__retarget_lock_acquire_recursive
                0x08003ae0        0x2 C:/ST/STM32CubeIDE_1.15.1/STM32CubeIDE/plugins/com.st.stm32cube.ide.mcu.externaltools.gnu-tools-for-stm32.12.3.rel1.win32_1.0.100.202403111256/tools/bin/../lib/gcc/arm-none-eabi/12.3.1/../../../../arm-none-eabi/lib/thumb/v7e-m+fp/hard\libc_nano.a(libc_a-lock.o)
                0x08003ae0                __retarget_lock_acquire_recursive
 .text.__retarget_lock_release_recursive
                0x08003ae2        0x2 C:/ST/STM32CubeIDE_1.15.1/STM32CubeIDE/plugins/com.st.stm32cube.ide.mcu.externaltools.gnu-tools-for-stm32.12.3.rel1.win32_1.0.100.202403111256/tools/bin/../lib/gcc/arm-none-eabi/12.3.1/../../../../arm-none-eabi/lib/thumb/v7e-m+fp/hard\libc_nano.a(libc_a-lock.o)
                0x08003ae2                __retarget_lock_release_recursive
 .text._free_r  0x08003ae4       0x94 C:/ST/STM32CubeIDE_1.15.1/STM32CubeIDE/plugins/com.st.stm32cube.ide.mcu.externaltools.gnu-tools-for-stm32.12.3.rel1.win32_1.0.100.202403111256/tools/bin/../lib/gcc/arm-none-eabi/12.3.1/../../../../arm-none-eabi/lib/thumb/v7e-m+fp/hard\libc_nano.a(libc_a-freer.o)
                0x08003ae4                _free_r
 .text.sbrk_aligned
                0x08003b78       0x44 C:/ST/STM32CubeIDE_1.15.1/STM32CubeIDE/plugins/com.st.stm32cube.ide.mcu.externaltools.gnu-tools-for-stm32.12.3.rel1.win32_1.0.100.202403111256/tools/bin/../lib/gcc/arm-none-eabi/12.3.1/../../../../arm-none-eabi/lib/thumb/v7e-m+fp/hard\libc_nano.a(libc_a-mallocr.o)
 .text._malloc_r
                0x08003bbc      0x100 C:/ST/STM32CubeIDE_1.15.1/STM32CubeIDE/plugins/com.st.stm32cube.ide.mcu.externaltools.gnu-tools-for-stm32.12.3.rel1.win32_1.0.100.202403111256/tools/bin/../lib/gcc/arm-none-eabi/12.3.1/../../../../arm-none-eabi/lib/thumb/v7e-m+fp/hard\libc_nano.a(libc_a-mallocr.o)
                0x08003bbc                _malloc_r
 .text.__malloc_lock
                0x08003cbc        0xc C:/ST/STM32CubeIDE_1.15.1/STM32CubeIDE/plugins/com.st.stm32cube.ide.mcu.externaltools.gnu-tools-for-stm32.12.3.rel1.win32_1.0.100.202403111256/tools/bin/../lib/gcc/arm-none-eabi/12.3.1/../../../../arm-none-eabi/lib/thumb/v7e-m+fp/hard\libc_nano.a(libc_a-mlock.o)
                0x08003cbc                __malloc_lock
 .text.__malloc_unlock
                0x08003cc8        0xc C:/ST/STM32CubeIDE_1.15.1/STM32CubeIDE/plugins/com.st.stm32cube.ide.mcu.externaltools.gnu-tools-for-stm32.12.3.rel1.win32_1.0.100.202403111256/tools/bin/../lib/gcc/arm-none-eabi/12.3.1/../../../../arm-none-eabi/lib/thumb/v7e-m+fp/hard\libc_nano.a(libc_a-mlock.o)
                0x08003cc8                __malloc_unlock
 .text.__ssputs_r
                0x08003cd4       0xb6 C:/ST/STM32CubeIDE_1.15.1/STM32CubeIDE/plugins/com.st.stm32cube.ide.mcu.externaltools.gnu-tools-for-stm32.12.3.rel1.win32_1.0.100.202403111256/tools/bin/../lib/gcc/arm-none-eabi/12.3.1/../../../../arm-none-eabi/lib/thumb/v7e-m+fp/hard\libc_nano.a(libc_a-nano-svfprintf.o)
                0x08003cd4                __ssputs_r
 *fill*         0x08003d8a        0x2 
 .text._svfprintf_r
                0x08003d8c      0x1f8 C:/ST/STM32CubeIDE_1.15.1/STM32CubeIDE/plugins/com.st.stm32cube.ide.mcu.externaltools.gnu-tools-for-stm32.12.3.rel1.win32_1.0.100.202403111256/tools/bin/../lib/gcc/arm-none-eabi/12.3.1/../../../../arm-none-eabi/lib/thumb/v7e-m+fp/hard\libc_nano.a(libc_a-nano-svfprintf.o)
                0x08003d8c                _svfiprintf_r
                0x08003d8c                _svfprintf_r
 .text._printf_common
                0x08003f84       0xda C:/ST/STM32CubeIDE_1.15.1/STM32CubeIDE/plugins/com.st.stm32cube.ide.mcu.externaltools.gnu-tools-for-stm32.12.3.rel1.win32_1.0.100.202403111256/tools/bin/../lib/gcc/arm-none-eabi/12.3.1/../../../../arm-none-eabi/lib/thumb/v7e-m+fp/hard\libc_nano.a(libc_a-nano-vfprintf_i.o)
                0x08003f84                _printf_common
 *fill*         0x0800405e        0x2 
 .text._printf_i
                0x08004060      0x240 C:/ST/STM32CubeIDE_1.15.1/STM32CubeIDE/plugins/com.st.stm32cube.ide.mcu.externaltools.gnu-tools-for-stm32.12.3.rel1.win32_1.0.100.202403111256/tools/bin/../lib/gcc/arm-none-eabi/12.3.1/../../../../arm-none-eabi/lib/thumb/v7e-m+fp/hard\libc_nano.a(libc_a-nano-vfprintf_i.o)
                0x08004060                _printf_i
 .text.memmove  0x080042a0       0x34 C:/ST/STM32CubeIDE_1.15.1/STM32CubeIDE/plugins/com.st.stm32cube.ide.mcu.externaltools.gnu-tools-for-stm32.12.3.rel1.win32_1.0.100.202403111256/tools/bin/../lib/gcc/arm-none-eabi/12.3.1/../../../../arm-none-eabi/lib/thumb/v7e-m+fp/hard\libc_nano.a(libc_a-memmove.o)
                0x080042a0                memmove
 .text._sbrk_r  0x080042d4       0x20 C:/ST/STM32CubeIDE_1.15.1/STM32CubeIDE/plugins/com.st.stm32cube.ide.mcu.externaltools.gnu-tools-for-stm32.12.3.rel1.win32_1.0.100.202403111256/tools/bin/../lib/gcc/arm-none-eabi/12.3.1/../../../../arm-none-eabi/lib/thumb/v7e-m+fp/hard\libc_nano.a(libc_a-sbrkr.o)
                0x080042d4                _sbrk_r
 .text.memcpy   0x080042f4       0x1c C:/ST/STM32CubeIDE_1.15.1/STM32CubeIDE/plugins/com.st.stm32cube.ide.mcu.externaltools.gnu-tools-for-stm32.12.3.rel1.win32_1.0.100.202403111256/tools/bin/../lib/gcc/arm-none-eabi/12.3.1/../../../../arm-none-eabi/lib/thumb/v7e-m+fp/hard\libc_nano.a(libc_a-memcpy-stub.o)
                0x080042f4                memcpy
 .text._realloc_r
                0x08004310       0x5c C:/ST/STM32CubeIDE_1.15.1/STM32CubeIDE/plugins/com.st.stm32cube.ide.mcu.externaltools.gnu-tools-for-stm32.12.3.rel1.win32_1.0.100.202403111256/tools/bin/../lib/gcc/arm-none-eabi/12.3.1/../../../../arm-none-eabi/lib/thumb/v7e-m+fp/hard\libc_nano.a(libc_a-reallocr.o)
                0x08004310                _realloc_r
 .text._malloc_usable_size_r
                0x0800436c       0x10 C:/ST/STM32CubeIDE_1.15.1/STM32CubeIDE/plugins/com.st.stm32cube.ide.mcu.externaltools.gnu-tools-for-stm32.12.3.rel1.win32_1.0.100.202403111256/tools/bin/../lib/gcc/arm-none-eabi/12.3.1/../../../../arm-none-eabi/lib/thumb/v7e-m+fp/hard\libc_nano.a(libc_a-msizer.o)
                0x0800436c                _malloc_usable_size_r
 *(.glue_7)
 .glue_7        0x0800437c        0x0 linker stubs
 *(.glue_7t)
 .glue_7t       0x0800437c        0x0 linker stubs
 *(.eh_frame)
 .eh_frame      0x0800437c        0x0 C:/ST/STM32CubeIDE_1.15.1/STM32CubeIDE/plugins/com.st.stm32cube.ide.mcu.externaltools.gnu-tools-for-stm32.12.3.rel1.win32_1.0.100.202403111256/tools/bin/../lib/gcc/arm-none-eabi/12.3.1/thumb/v7e-m+fp/hard/crtbegin.o
 *(.init)
 .init          0x0800437c        0x4 C:/ST/STM32CubeIDE_1.15.1/STM32CubeIDE/plugins/com.st.stm32cube.ide.mcu.externaltools.gnu-tools-for-stm32.12.3.rel1.win32_1.0.100.202403111256/tools/bin/../lib/gcc/arm-none-eabi/12.3.1/thumb/v7e-m+fp/hard/crti.o
                0x0800437c                _init
 .init          0x08004380        0x8 C:/ST/STM32CubeIDE_1.15.1/STM32CubeIDE/plugins/com.st.stm32cube.ide.mcu.externaltools.gnu-tools-for-stm32.12.3.rel1.win32_1.0.100.202403111256/tools/bin/../lib/gcc/arm-none-eabi/12.3.1/thumb/v7e-m+fp/hard/crtn.o
 *(.fini)
 .fini          0x08004388        0x4 C:/ST/STM32CubeIDE_1.15.1/STM32CubeIDE/plugins/com.st.stm32cube.ide.mcu.externaltools.gnu-tools-for-stm32.12.3.rel1.win32_1.0.100.202403111256/tools/bin/../lib/gcc/arm-none-eabi/12.3.1/thumb/v7e-m+fp/hard/crti.o
                0x08004388                _fini
 .fini          0x0800438c        0x8 C:/ST/STM32CubeIDE_1.15.1/STM32CubeIDE/plugins/com.st.stm32cube.ide.mcu.externaltools.gnu-tools-for-stm32.12.3.rel1.win32_1.0.100.202403111256/tools/bin/../lib/gcc/arm-none-eabi/12.3.1/thumb/v7e-m+fp/hard/crtn.o
                0x08004394                        . = ALIGN (0x4)
                0x08004394                        _etext = .

.vfp11_veneer   0x08004394        0x0
 .vfp11_veneer  0x08004394        0x0 linker stubs

.v4_bx          0x08004394        0x0
 .v4_bx         0x08004394        0x0 linker stubs

.iplt           0x08004394        0x0
 .iplt          0x08004394        0x0 C:/ST/STM32CubeIDE_1.15.1/STM32CubeIDE/plugins/com.st.stm32cube.ide.mcu.externaltools.gnu-tools-for-stm32.12.3.rel1.win32_1.0.100.202403111256/tools/bin/../lib/gcc/arm-none-eabi/12.3.1/thumb/v7e-m+fp/hard/crtbegin.o

.rodata         0x08004394      0x370
                0x08004394                        . = ALIGN (0x4)
 *(.rodata)
 .rodata        0x08004394      0x33c ./Src/main.o
 *(.rodata*)
 .rodata._svfprintf_r.str1.1
                0x080046d0       0x11 C:/ST/STM32CubeIDE_1.15.1/STM32CubeIDE/plugins/com.st.stm32cube.ide.mcu.externaltools.gnu-tools-for-stm32.12.3.rel1.win32_1.0.100.202403111256/tools/bin/../lib/gcc/arm-none-eabi/12.3.1/../../../../arm-none-eabi/lib/thumb/v7e-m+fp/hard\libc_nano.a(libc_a-nano-svfprintf.o)
 .rodata._printf_i.str1.1
                0x080046e1       0x22 C:/ST/STM32CubeIDE_1.15.1/STM32CubeIDE/plugins/com.st.stm32cube.ide.mcu.externaltools.gnu-tools-for-stm32.12.3.rel1.win32_1.0.100.202403111256/tools/bin/../lib/gcc/arm-none-eabi/12.3.1/../../../../arm-none-eabi/lib/thumb/v7e-m+fp/hard\libc_nano.a(libc_a-nano-vfprintf_i.o)
                0x08004704                        . = ALIGN (0x4)
 *fill*         0x08004703        0x1 

.ARM.extab      0x08004704        0x0
                0x08004704                        . = ALIGN (0x4)
 *(.ARM.extab* .gnu.linkonce.armextab.*)
                0x08004704                        . = ALIGN (0x4)

.ARM            0x08004704        0x8
                0x08004704                        . = ALIGN (0x4)
                0x08004704                        __exidx_start = .
 *(.ARM.exidx*)
 .ARM.exidx     0x08004704        0x8 C:/ST/STM32CubeIDE_1.15.1/STM32CubeIDE/plugins/com.st.stm32cube.ide.mcu.externaltools.gnu-tools-for-stm32.12.3.rel1.win32_1.0.100.202403111256/tools/bin/../lib/gcc/arm-none-eabi/12.3.1/../../../../arm-none-eabi/lib/thumb/v7e-m+fp/hard\libc_nano.a(libc_a-memchr.o)
                0x0800470c                        __exidx_end = .
                0x0800470c                        . = ALIGN (0x4)

.preinit_array  0x0800470c        0x0
                0x0800470c                        . = ALIGN (0x4)
                0x0800470c                        PROVIDE (__preinit_array_start = .)
 *(.preinit_array*)
                0x0800470c                        PROVIDE (__preinit_array_end = .)
                0x0800470c                        . = ALIGN (0x4)

.init_array     0x0800470c        0x4
                0x0800470c                        . = ALIGN (0x4)
                0x0800470c                        PROVIDE (__init_array_start = .)
 *(SORT_BY_NAME(.init_array.*))
 *(.init_array*)
 .init_array    0x0800470c        0x4 C:/ST/STM32CubeIDE_1.15.1/STM32CubeIDE/plugins/com.st.stm32cube.ide.mcu.externaltools.gnu-tools-for-stm32.12.3.rel1.win32_1.0.100.202403111256/tools/bin/../lib/gcc/arm-none-eabi/12.3.1/thumb/v7e-m+fp/hard/crtbegin.o
                0x08004710                        PROVIDE (__init_array_end = .)
                0x08004710                        . = ALIGN (0x4)

.fini_array     0x08004710        0x4
                0x08004710                        . = ALIGN (0x4)
                [!provide]                        PROVIDE (__fini_array_start = .)
 *(SORT_BY_NAME(.fini_array.*))
 *(.fini_array*)
 .fini_array    0x08004710        0x4 C:/ST/STM32CubeIDE_1.15.1/STM32CubeIDE/plugins/com.st.stm32cube.ide.mcu.externaltools.gnu-tools-for-stm32.12.3.rel1.win32_1.0.100.202403111256/tools/bin/../lib/gcc/arm-none-eabi/12.3.1/thumb/v7e-m+fp/hard/crtbegin.o
                [!provide]                        PROVIDE (__fini_array_end = .)
                0x08004714                        . = ALIGN (0x4)
                0x08004714                        _sidata = LOADADDR (.data)

.rel.dyn        0x08004714        0x0
 .rel.iplt      0x08004714        0x0 C:/ST/STM32CubeIDE_1.15.1/STM32CubeIDE/plugins/com.st.stm32cube.ide.mcu.externaltools.gnu-tools-for-stm32.12.3.rel1.win32_1.0.100.202403111256/tools/bin/../lib/gcc/arm-none-eabi/12.3.1/thumb/v7e-m+fp/hard/crtbegin.o

.data           0x20000000       0x50 load address 0x08004714
                0x20000000                        . = ALIGN (0x4)
                0x20000000                        _sdata = .
 *(.data)
 *(.data*)
 .data._impure_ptr
                0x20000000        0x4 C:/ST/STM32CubeIDE_1.15.1/STM32CubeIDE/plugins/com.st.stm32cube.ide.mcu.externaltools.gnu-tools-for-stm32.12.3.rel1.win32_1.0.100.202403111256/tools/bin/../lib/gcc/arm-none-eabi/12.3.1/../../../../arm-none-eabi/lib/thumb/v7e-m+fp/hard\libc_nano.a(libc_a-impure.o)
                0x20000000                _impure_ptr
 .data._impure_data
                0x20000004       0x4c C:/ST/STM32CubeIDE_1.15.1/STM32CubeIDE/plugins/com.st.stm32cube.ide.mcu.externaltools.gnu-tools-for-stm32.12.3.rel1.win32_1.0.100.202403111256/tools/bin/../lib/gcc/arm-none-eabi/12.3.1/../../../../arm-none-eabi/lib/thumb/v7e-m+fp/hard\libc_nano.a(libc_a-impure.o)
                0x20000004                _impure_data
 *(.RamFunc)
 *(.RamFunc*)
                0x20000050                        . = ALIGN (0x4)
                0x20000050                        _edata = .
                0x08004764                        _sisram2 = LOADADDR (.sram2)

.igot.plt       0x20000050        0x0 load address 0x08004764
 .igot.plt      0x20000050        0x0 C:/ST/STM32CubeIDE_1.15.1/STM32CubeIDE/plugins/com.st.stm32cube.ide.mcu.externaltools.gnu-tools-for-stm32.12.3.rel1.win32_1.0.100.202403111256/tools/bin/../lib/gcc/arm-none-eabi/12.3.1/thumb/v7e-m+fp/hard/crtbegin.o

.sram2          0x10000000        0x0 load address 0x08004764
                0x10000000                        . = ALIGN (0x4)
                0x10000000                        _ssram2 = .
 *(.sram2)
 *(.sram2*)
                0x10000000                        . = ALIGN (0x4)
                0x10000000                        _esram2 = .
                0x10000000                        . = ALIGN (0x4)

.bss            0x20000050      0x2c0
                0x20000050                        _sbss = .
                0x20000050                        __bss_start__ = _sbss
 *(.bss)
 .bss           0x20000050       0x1c C:/ST/STM32CubeIDE_1.15.1/STM32CubeIDE/plugins/com.st.stm32cube.ide.mcu.externaltools.gnu-tools-for-stm32.12.3.rel1.win32_1.0.100.202403111256/tools/bin/../lib/gcc/arm-none-eabi/12.3.1/thumb/v7e-m+fp/hard/crtbegin.o
 *(.bss*)
 .bss.A         0x2000006c        0x4 ./Src/USARTx.o
                0x2000006c                A
 .bss.buffer    0x20000070       0xff ./Src/USARTx.o
                0x20000070                buffer
 *fill*         0x2000016f        0x1 
 .bss.AC_X      0x20000170        0x2 ./Src/main.o
                0x20000170                AC_X
 .bss.AC_Y      0x20000172        0x2 ./Src/main.o
                0x20000172                AC_Y
 .bss.AC_Z      0x20000174        0x2 ./Src/main.o
                0x20000174                AC_Z
 *fill*         0x20000176        0x2 
 .bss.AX        0x20000178        0x4 ./Src/main.o
                0x20000178                AX
 .bss.AY        0x2000017c        0x4 ./Src/main.o
                0x2000017c                AY
 .bss.AZ        0x20000180        0x4 ./Src/main.o
                0x20000180                AZ
 .bss.G_X       0x20000184        0x2 ./Src/main.o
                0x20000184                G_X
 .bss.G_Y       0x20000186        0x2 ./Src/main.o
                0x20000186                G_Y
 .bss.G_Z       0x20000188        0x2 ./Src/main.o
                0x20000188                G_Z
 *fill*         0x2000018a        0x2 
 .bss.GX        0x2000018c        0x4 ./Src/main.o
                0x2000018c                GX
 .bss.GY        0x20000190        0x4 ./Src/main.o
                0x20000190                GY
 .bss.GZ        0x20000194        0x4 ./Src/main.o
                0x20000194                GZ
 .bss.receivedData0_L
                0x20000198        0x4 ./Src/main.o
                0x20000198                receivedData0_L
 .bss.receivedData0_H
                0x2000019c        0x4 ./Src/main.o
                0x2000019c                receivedData0_H
 .bss.receivedData1_L
                0x200001a0        0x4 ./Src/main.o
                0x200001a0                receivedData1_L
 .bss.receivedData1_H
                0x200001a4        0x4 ./Src/main.o
                0x200001a4                receivedData1_H
 .bss.PID       0x200001a8        0x1 ./Src/main.o
                0x200001a8                PID
 *fill*         0x200001a9        0x3 
 .bss.Vel_Km    0x200001ac        0x4 ./Src/main.o
                0x200001ac                Vel_Km
 .bss.RPM_motor
                0x200001b0        0x4 ./Src/main.o
                0x200001b0                RPM_motor
 .bss.Combustible
                0x200001b4        0x4 ./Src/main.o
                0x200001b4                Combustible
 .bss.ByteA     0x200001b8        0x1 ./Src/main.o
                0x200001b8                ByteA
 .bss.ByteB     0x200001b9        0x1 ./Src/main.o
                0x200001b9                ByteB
 .bss.ByteC     0x200001ba        0x1 ./Src/main.o
                0x200001ba                ByteC
 .bss.ByteD     0x200001bb        0x1 ./Src/main.o
                0x200001bb                ByteD
 .bss.FIFOmailBox0
                0x200001bc        0x4 ./Src/main.o
                0x200001bc                FIFOmailBox0
 .bss.FIFOmailBox1
                0x200001c0        0x4 ./Src/main.o
                0x200001c0                FIFOmailBox1
 .bss.__sbrk_heap_end
                0x200001c4        0x4 ./Src/sysmem.o
 .bss.__sf      0x200001c8      0x138 C:/ST/STM32CubeIDE_1.15.1/STM32CubeIDE/plugins/com.st.stm32cube.ide.mcu.externaltools.gnu-tools-for-stm32.12.3.rel1.win32_1.0.100.202403111256/tools/bin/../lib/gcc/arm-none-eabi/12.3.1/../../../../arm-none-eabi/lib/thumb/v7e-m+fp/hard\libc_nano.a(libc_a-findfp.o)
                0x200001c8                __sf
 .bss.errno     0x20000300        0x4 C:/ST/STM32CubeIDE_1.15.1/STM32CubeIDE/plugins/com.st.stm32cube.ide.mcu.externaltools.gnu-tools-for-stm32.12.3.rel1.win32_1.0.100.202403111256/tools/bin/../lib/gcc/arm-none-eabi/12.3.1/../../../../arm-none-eabi/lib/thumb/v7e-m+fp/hard\libc_nano.a(libc_a-reent.o)
                0x20000300                errno
 .bss.__lock___malloc_recursive_mutex
                0x20000304        0x1 C:/ST/STM32CubeIDE_1.15.1/STM32CubeIDE/plugins/com.st.stm32cube.ide.mcu.externaltools.gnu-tools-for-stm32.12.3.rel1.win32_1.0.100.202403111256/tools/bin/../lib/gcc/arm-none-eabi/12.3.1/../../../../arm-none-eabi/lib/thumb/v7e-m+fp/hard\libc_nano.a(libc_a-lock.o)
                0x20000304                __lock___malloc_recursive_mutex
 *fill*         0x20000305        0x3 
 .bss.__malloc_sbrk_start
                0x20000308        0x4 C:/ST/STM32CubeIDE_1.15.1/STM32CubeIDE/plugins/com.st.stm32cube.ide.mcu.externaltools.gnu-tools-for-stm32.12.3.rel1.win32_1.0.100.202403111256/tools/bin/../lib/gcc/arm-none-eabi/12.3.1/../../../../arm-none-eabi/lib/thumb/v7e-m+fp/hard\libc_nano.a(libc_a-mallocr.o)
                0x20000308                __malloc_sbrk_start
 .bss.__malloc_free_list
                0x2000030c        0x4 C:/ST/STM32CubeIDE_1.15.1/STM32CubeIDE/plugins/com.st.stm32cube.ide.mcu.externaltools.gnu-tools-for-stm32.12.3.rel1.win32_1.0.100.202403111256/tools/bin/../lib/gcc/arm-none-eabi/12.3.1/../../../../arm-none-eabi/lib/thumb/v7e-m+fp/hard\libc_nano.a(libc_a-mallocr.o)
                0x2000030c                __malloc_free_list
 *(COMMON)
                0x20000310                        . = ALIGN (0x4)
                0x20000310                        _ebss = .
                0x20000310                        __bss_end__ = _ebss

._user_heap_stack
                0x20000310      0x600
                0x20000310                        . = ALIGN (0x8)
                [!provide]                        PROVIDE (end = .)
                0x20000310                        PROVIDE (_end = .)
                0x20000510                        . = (. + _Min_Heap_Size)
 *fill*         0x20000310      0x200 
                0x20000910                        . = (. + _Min_Stack_Size)
 *fill*         0x20000510      0x400 
                0x20000910                        . = ALIGN (0x8)

/DISCARD/
 libc.a(*)
 libm.a(*)
 libgcc.a(*)

.ARM.attributes
                0x00000000       0x30
 *(.ARM.attributes)
 .ARM.attributes
                0x00000000       0x22 C:/ST/STM32CubeIDE_1.15.1/STM32CubeIDE/plugins/com.st.stm32cube.ide.mcu.externaltools.gnu-tools-for-stm32.12.3.rel1.win32_1.0.100.202403111256/tools/bin/../lib/gcc/arm-none-eabi/12.3.1/thumb/v7e-m+fp/hard/crti.o
 .ARM.attributes
                0x00000022       0x34 C:/ST/STM32CubeIDE_1.15.1/STM32CubeIDE/plugins/com.st.stm32cube.ide.mcu.externaltools.gnu-tools-for-stm32.12.3.rel1.win32_1.0.100.202403111256/tools/bin/../lib/gcc/arm-none-eabi/12.3.1/thumb/v7e-m+fp/hard/crtbegin.o
 .ARM.attributes
                0x00000056       0x34 ./Src/CANx.o
 .ARM.attributes
                0x0000008a       0x34 ./Src/GPIOx.o
 .ARM.attributes
                0x000000be       0x34 ./Src/I2Cx.o
 .ARM.attributes
                0x000000f2       0x34 ./Src/NVIC.o
 .ARM.attributes
                0x00000126       0x34 ./Src/USARTx.o
 .ARM.attributes
                0x0000015a       0x34 ./Src/main.o
 .ARM.attributes
                0x0000018e       0x34 ./Src/sysmem.o
 .ARM.attributes
                0x000001c2       0x34 ./Src/system_stm32l4xx.o
 .ARM.attributes
                0x000001f6       0x21 ./Startup/startup_stm32l452retxp.o
 .ARM.attributes
                0x00000217       0x34 C:/ST/STM32CubeIDE_1.15.1/STM32CubeIDE/plugins/com.st.stm32cube.ide.mcu.externaltools.gnu-tools-for-stm32.12.3.rel1.win32_1.0.100.202403111256/tools/bin/../lib/gcc/arm-none-eabi/12.3.1/../../../../arm-none-eabi/lib/thumb/v7e-m+fp/hard\libc_nano.a(libc_a-findfp.o)
 .ARM.attributes
                0x0000024b       0x34 C:/ST/STM32CubeIDE_1.15.1/STM32CubeIDE/plugins/com.st.stm32cube.ide.mcu.externaltools.gnu-tools-for-stm32.12.3.rel1.win32_1.0.100.202403111256/tools/bin/../lib/gcc/arm-none-eabi/12.3.1/../../../../arm-none-eabi/lib/thumb/v7e-m+fp/hard\libc_nano.a(libc_a-snprintf.o)
 .ARM.attributes
                0x0000027f       0x34 C:/ST/STM32CubeIDE_1.15.1/STM32CubeIDE/plugins/com.st.stm32cube.ide.mcu.externaltools.gnu-tools-for-stm32.12.3.rel1.win32_1.0.100.202403111256/tools/bin/../lib/gcc/arm-none-eabi/12.3.1/../../../../arm-none-eabi/lib/thumb/v7e-m+fp/hard\libc_nano.a(libc_a-sprintf.o)
 .ARM.attributes
                0x000002b3       0x34 C:/ST/STM32CubeIDE_1.15.1/STM32CubeIDE/plugins/com.st.stm32cube.ide.mcu.externaltools.gnu-tools-for-stm32.12.3.rel1.win32_1.0.100.202403111256/tools/bin/../lib/gcc/arm-none-eabi/12.3.1/../../../../arm-none-eabi/lib/thumb/v7e-m+fp/hard\libc_nano.a(libc_a-reent.o)
 .ARM.attributes
                0x000002e7       0x34 C:/ST/STM32CubeIDE_1.15.1/STM32CubeIDE/plugins/com.st.stm32cube.ide.mcu.externaltools.gnu-tools-for-stm32.12.3.rel1.win32_1.0.100.202403111256/tools/bin/../lib/gcc/arm-none-eabi/12.3.1/../../../../arm-none-eabi/lib/thumb/v7e-m+fp/hard\libc_nano.a(libc_a-impure.o)
 .ARM.attributes
                0x0000031b       0x34 C:/ST/STM32CubeIDE_1.15.1/STM32CubeIDE/plugins/com.st.stm32cube.ide.mcu.externaltools.gnu-tools-for-stm32.12.3.rel1.win32_1.0.100.202403111256/tools/bin/../lib/gcc/arm-none-eabi/12.3.1/../../../../arm-none-eabi/lib/thumb/v7e-m+fp/hard\libc_nano.a(libc_a-errno.o)
 .ARM.attributes
                0x0000034f       0x34 C:/ST/STM32CubeIDE_1.15.1/STM32CubeIDE/plugins/com.st.stm32cube.ide.mcu.externaltools.gnu-tools-for-stm32.12.3.rel1.win32_1.0.100.202403111256/tools/bin/../lib/gcc/arm-none-eabi/12.3.1/../../../../arm-none-eabi/lib/thumb/v7e-m+fp/hard\libc_nano.a(libc_a-init.o)
 .ARM.attributes
                0x00000383       0x34 C:/ST/STM32CubeIDE_1.15.1/STM32CubeIDE/plugins/com.st.stm32cube.ide.mcu.externaltools.gnu-tools-for-stm32.12.3.rel1.win32_1.0.100.202403111256/tools/bin/../lib/gcc/arm-none-eabi/12.3.1/../../../../arm-none-eabi/lib/thumb/v7e-m+fp/hard\libc_nano.a(libc_a-lock.o)
 .ARM.attributes
                0x000003b7       0x34 C:/ST/STM32CubeIDE_1.15.1/STM32CubeIDE/plugins/com.st.stm32cube.ide.mcu.externaltools.gnu-tools-for-stm32.12.3.rel1.win32_1.0.100.202403111256/tools/bin/../lib/gcc/arm-none-eabi/12.3.1/../../../../arm-none-eabi/lib/thumb/v7e-m+fp/hard\libc_nano.a(libc_a-freer.o)
 .ARM.attributes
                0x000003eb       0x34 C:/ST/STM32CubeIDE_1.15.1/STM32CubeIDE/plugins/com.st.stm32cube.ide.mcu.externaltools.gnu-tools-for-stm32.12.3.rel1.win32_1.0.100.202403111256/tools/bin/../lib/gcc/arm-none-eabi/12.3.1/../../../../arm-none-eabi/lib/thumb/v7e-m+fp/hard\libc_nano.a(libc_a-mallocr.o)
 .ARM.attributes
                0x0000041f       0x34 C:/ST/STM32CubeIDE_1.15.1/STM32CubeIDE/plugins/com.st.stm32cube.ide.mcu.externaltools.gnu-tools-for-stm32.12.3.rel1.win32_1.0.100.202403111256/tools/bin/../lib/gcc/arm-none-eabi/12.3.1/../../../../arm-none-eabi/lib/thumb/v7e-m+fp/hard\libc_nano.a(libc_a-mlock.o)
 .ARM.attributes
                0x00000453       0x34 C:/ST/STM32CubeIDE_1.15.1/STM32CubeIDE/plugins/com.st.stm32cube.ide.mcu.externaltools.gnu-tools-for-stm32.12.3.rel1.win32_1.0.100.202403111256/tools/bin/../lib/gcc/arm-none-eabi/12.3.1/../../../../arm-none-eabi/lib/thumb/v7e-m+fp/hard\libc_nano.a(libc_a-nano-svfprintf.o)
 .ARM.attributes
                0x00000487       0x34 C:/ST/STM32CubeIDE_1.15.1/STM32CubeIDE/plugins/com.st.stm32cube.ide.mcu.externaltools.gnu-tools-for-stm32.12.3.rel1.win32_1.0.100.202403111256/tools/bin/../lib/gcc/arm-none-eabi/12.3.1/../../../../arm-none-eabi/lib/thumb/v7e-m+fp/hard\libc_nano.a(libc_a-nano-vfprintf_i.o)
 .ARM.attributes
                0x000004bb       0x34 C:/ST/STM32CubeIDE_1.15.1/STM32CubeIDE/plugins/com.st.stm32cube.ide.mcu.externaltools.gnu-tools-for-stm32.12.3.rel1.win32_1.0.100.202403111256/tools/bin/../lib/gcc/arm-none-eabi/12.3.1/../../../../arm-none-eabi/lib/thumb/v7e-m+fp/hard\libc_nano.a(libc_a-memmove.o)
 .ARM.attributes
                0x000004ef       0x34 C:/ST/STM32CubeIDE_1.15.1/STM32CubeIDE/plugins/com.st.stm32cube.ide.mcu.externaltools.gnu-tools-for-stm32.12.3.rel1.win32_1.0.100.202403111256/tools/bin/../lib/gcc/arm-none-eabi/12.3.1/../../../../arm-none-eabi/lib/thumb/v7e-m+fp/hard\libc_nano.a(libc_a-sbrkr.o)
 .ARM.attributes
                0x00000523       0x1c C:/ST/STM32CubeIDE_1.15.1/STM32CubeIDE/plugins/com.st.stm32cube.ide.mcu.externaltools.gnu-tools-for-stm32.12.3.rel1.win32_1.0.100.202403111256/tools/bin/../lib/gcc/arm-none-eabi/12.3.1/../../../../arm-none-eabi/lib/thumb/v7e-m+fp/hard\libc_nano.a(libc_a-memchr.o)
 .ARM.attributes
                0x0000053f       0x34 C:/ST/STM32CubeIDE_1.15.1/STM32CubeIDE/plugins/com.st.stm32cube.ide.mcu.externaltools.gnu-tools-for-stm32.12.3.rel1.win32_1.0.100.202403111256/tools/bin/../lib/gcc/arm-none-eabi/12.3.1/../../../../arm-none-eabi/lib/thumb/v7e-m+fp/hard\libc_nano.a(libc_a-memcpy-stub.o)
 .ARM.attributes
                0x00000573       0x34 C:/ST/STM32CubeIDE_1.15.1/STM32CubeIDE/plugins/com.st.stm32cube.ide.mcu.externaltools.gnu-tools-for-stm32.12.3.rel1.win32_1.0.100.202403111256/tools/bin/../lib/gcc/arm-none-eabi/12.3.1/../../../../arm-none-eabi/lib/thumb/v7e-m+fp/hard\libc_nano.a(libc_a-reallocr.o)
 .ARM.attributes
                0x000005a7       0x34 C:/ST/STM32CubeIDE_1.15.1/STM32CubeIDE/plugins/com.st.stm32cube.ide.mcu.externaltools.gnu-tools-for-stm32.12.3.rel1.win32_1.0.100.202403111256/tools/bin/../lib/gcc/arm-none-eabi/12.3.1/../../../../arm-none-eabi/lib/thumb/v7e-m+fp/hard\libc_nano.a(libc_a-msizer.o)
 .ARM.attributes
                0x000005db       0x22 C:/ST/STM32CubeIDE_1.15.1/STM32CubeIDE/plugins/com.st.stm32cube.ide.mcu.externaltools.gnu-tools-for-stm32.12.3.rel1.win32_1.0.100.202403111256/tools/bin/../lib/gcc/arm-none-eabi/12.3.1/thumb/v7e-m+fp/hard\libgcc.a(_arm_addsubdf3.o)
 .ARM.attributes
                0x000005fd       0x22 C:/ST/STM32CubeIDE_1.15.1/STM32CubeIDE/plugins/com.st.stm32cube.ide.mcu.externaltools.gnu-tools-for-stm32.12.3.rel1.win32_1.0.100.202403111256/tools/bin/../lib/gcc/arm-none-eabi/12.3.1/thumb/v7e-m+fp/hard\libgcc.a(_arm_muldivdf3.o)
 .ARM.attributes
                0x0000061f       0x22 C:/ST/STM32CubeIDE_1.15.1/STM32CubeIDE/plugins/com.st.stm32cube.ide.mcu.externaltools.gnu-tools-for-stm32.12.3.rel1.win32_1.0.100.202403111256/tools/bin/../lib/gcc/arm-none-eabi/12.3.1/thumb/v7e-m+fp/hard\libgcc.a(_arm_truncdfsf2.o)
 .ARM.attributes
                0x00000641       0x22 C:/ST/STM32CubeIDE_1.15.1/STM32CubeIDE/plugins/com.st.stm32cube.ide.mcu.externaltools.gnu-tools-for-stm32.12.3.rel1.win32_1.0.100.202403111256/tools/bin/../lib/gcc/arm-none-eabi/12.3.1/thumb/v7e-m+fp/hard/crtn.o
OUTPUT(GeoTel.elf elf32-littlearm)
LOAD linker stubs
LOAD C:/ST/STM32CubeIDE_1.15.1/STM32CubeIDE/plugins/com.st.stm32cube.ide.mcu.externaltools.gnu-tools-for-stm32.12.3.rel1.win32_1.0.100.202403111256/tools/bin/../lib/gcc/arm-none-eabi/12.3.1/../../../../arm-none-eabi/lib/thumb/v7e-m+fp/hard\libc.a
LOAD C:/ST/STM32CubeIDE_1.15.1/STM32CubeIDE/plugins/com.st.stm32cube.ide.mcu.externaltools.gnu-tools-for-stm32.12.3.rel1.win32_1.0.100.202403111256/tools/bin/../lib/gcc/arm-none-eabi/12.3.1/../../../../arm-none-eabi/lib/thumb/v7e-m+fp/hard\libm.a
LOAD C:/ST/STM32CubeIDE_1.15.1/STM32CubeIDE/plugins/com.st.stm32cube.ide.mcu.externaltools.gnu-tools-for-stm32.12.3.rel1.win32_1.0.100.202403111256/tools/bin/../lib/gcc/arm-none-eabi/12.3.1/thumb/v7e-m+fp/hard\libgcc.a

.debug_info     0x00000000     0x3844
 .debug_info    0x00000000      0x836 ./Src/CANx.o
 .debug_info    0x00000836      0x440 ./Src/GPIOx.o
 .debug_info    0x00000c76      0x582 ./Src/I2Cx.o
 .debug_info    0x000011f8      0x20c ./Src/NVIC.o
 .debug_info    0x00001404      0x6d5 ./Src/USARTx.o
 .debug_info    0x00001ad9     0x160d ./Src/main.o
 .debug_info    0x000030e6      0x168 ./Src/sysmem.o
 .debug_info    0x0000324e      0x5c6 ./Src/system_stm32l4xx.o
 .debug_info    0x00003814       0x30 ./Startup/startup_stm32l452retxp.o

.debug_abbrev   0x00000000      0xbf1
 .debug_abbrev  0x00000000      0x1c3 ./Src/CANx.o
 .debug_abbrev  0x000001c3       0xff ./Src/GPIOx.o
 .debug_abbrev  0x000002c2      0x138 ./Src/I2Cx.o
 .debug_abbrev  0x000003fa       0xf1 ./Src/NVIC.o
 .debug_abbrev  0x000004eb      0x1a0 ./Src/USARTx.o
 .debug_abbrev  0x0000068b      0x36c ./Src/main.o
 .debug_abbrev  0x000009f7       0xbc ./Src/sysmem.o
 .debug_abbrev  0x00000ab3      0x11a ./Src/system_stm32l4xx.o
 .debug_abbrev  0x00000bcd       0x24 ./Startup/startup_stm32l452retxp.o

.debug_aranges  0x00000000      0x438
 .debug_aranges
                0x00000000       0x88 ./Src/CANx.o
 .debug_aranges
                0x00000088       0x38 ./Src/GPIOx.o
 .debug_aranges
                0x000000c0       0x58 ./Src/I2Cx.o
 .debug_aranges
                0x00000118       0x20 ./Src/NVIC.o
 .debug_aranges
                0x00000138       0x40 ./Src/USARTx.o
 .debug_aranges
                0x00000178      0x250 ./Src/main.o
 .debug_aranges
                0x000003c8       0x20 ./Src/sysmem.o
 .debug_aranges
                0x000003e8       0x28 ./Src/system_stm32l4xx.o
 .debug_aranges
                0x00000410       0x28 ./Startup/startup_stm32l452retxp.o

.debug_rnglists
                0x00000000      0x323
 .debug_rnglists
                0x00000000       0x69 ./Src/CANx.o
 .debug_rnglists
                0x00000069       0x28 ./Src/GPIOx.o
 .debug_rnglists
                0x00000091       0x42 ./Src/I2Cx.o
 .debug_rnglists
                0x000000d3       0x13 ./Src/NVIC.o
 .debug_rnglists
                0x000000e6       0x2c ./Src/USARTx.o
 .debug_rnglists
                0x00000112      0x1cb ./Src/main.o
 .debug_rnglists
                0x000002dd       0x13 ./Src/sysmem.o
 .debug_rnglists
                0x000002f0       0x1a ./Src/system_stm32l4xx.o
 .debug_rnglists
                0x0000030a       0x19 ./Startup/startup_stm32l452retxp.o

.debug_macro    0x00000000    0x19415
 .debug_macro   0x00000000       0xea ./Src/CANx.o
 .debug_macro   0x000000ea      0xaba ./Src/CANx.o
 .debug_macro   0x00000ba4       0x2e ./Src/CANx.o
 .debug_macro   0x00000bd2       0x28 ./Src/CANx.o
 .debug_macro   0x00000bfa       0x22 ./Src/CANx.o
 .debug_macro   0x00000c1c       0x8e ./Src/CANx.o
 .debug_macro   0x00000caa       0x51 ./Src/CANx.o
 .debug_macro   0x00000cfb      0x103 ./Src/CANx.o
 .debug_macro   0x00000dfe       0x6a ./Src/CANx.o
 .debug_macro   0x00000e68      0x1df ./Src/CANx.o
 .debug_macro   0x00001047       0x1c ./Src/CANx.o
 .debug_macro   0x00001063       0x22 ./Src/CANx.o
 .debug_macro   0x00001085       0xfb ./Src/CANx.o
 .debug_macro   0x00001180     0x1011 ./Src/CANx.o
 .debug_macro   0x00002191      0x11f ./Src/CANx.o
 .debug_macro   0x000022b0    0x1634b ./Src/CANx.o
 .debug_macro   0x000185fb       0x6d ./Src/CANx.o
 .debug_macro   0x00018668       0x22 ./Src/CANx.o
 .debug_macro   0x0001868a       0x58 ./Src/CANx.o
 .debug_macro   0x000186e2      0x119 ./Src/GPIOx.o
 .debug_macro   0x000187fb       0xd7 ./Src/I2Cx.o
 .debug_macro   0x000188d2       0xe5 ./Src/NVIC.o
 .debug_macro   0x000189b7       0xf4 ./Src/USARTx.o
 .debug_macro   0x00018aab       0x70 ./Src/USARTx.o
 .debug_macro   0x00018b1b      0x175 ./Src/main.o
 .debug_macro   0x00018c90       0x5e ./Src/main.o
 .debug_macro   0x00018cee       0xb8 ./Src/main.o
 .debug_macro   0x00018da6      0x1de ./Src/main.o
 .debug_macro   0x00018f84       0x76 ./Src/main.o
 .debug_macro   0x00018ffa       0xff ./Src/sysmem.o
 .debug_macro   0x000190f9      0x23c ./Src/sysmem.o
 .debug_macro   0x00019335       0xe0 ./Src/system_stm32l4xx.o

.debug_line     0x00000000     0x3cf1
 .debug_line    0x00000000      0x8f2 ./Src/CANx.o
 .debug_line    0x000008f2      0x570 ./Src/GPIOx.o
 .debug_line    0x00000e62      0x6fb ./Src/I2Cx.o
 .debug_line    0x0000155d      0x4d3 ./Src/NVIC.o
 .debug_line    0x00001a30      0x586 ./Src/USARTx.o
 .debug_line    0x00001fb6     0x11f3 ./Src/main.o
 .debug_line    0x000031a9      0x57e ./Src/sysmem.o
 .debug_line    0x00003727      0x54f ./Src/system_stm32l4xx.o
 .debug_line    0x00003c76       0x7b ./Startup/startup_stm32l452retxp.o

.debug_str      0x00000000    0x8b2a5
 .debug_str     0x00000000    0x873f0 ./Src/CANx.o
                              0x875a4 (size before relaxing)
 .debug_str     0x000873f0      0x155 ./Src/GPIOx.o
                              0x873d6 (size before relaxing)
 .debug_str     0x00087545       0xff ./Src/I2Cx.o
                              0x87387 (size before relaxing)
 .debug_str     0x00087644       0x70 ./Src/NVIC.o
                              0x871cf (size before relaxing)
 .debug_str     0x000876b4      0x665 ./Src/USARTx.o
                              0x87974 (size before relaxing)
 .debug_str     0x00087d19     0x110f ./Src/main.o
                              0x88d34 (size before relaxing)
 .debug_str     0x00088e28     0x2316 ./Src/sysmem.o
                               0x60c7 (size before relaxing)
 .debug_str     0x0008b13e      0x127 ./Src/system_stm32l4xx.o
                              0x87357 (size before relaxing)
 .debug_str     0x0008b265       0x40 ./Startup/startup_stm32l452retxp.o
                                 0x77 (size before relaxing)

.comment        0x00000000       0x43
 .comment       0x00000000       0x43 ./Src/CANx.o
                                 0x44 (size before relaxing)
 .comment       0x00000043       0x44 ./Src/GPIOx.o
 .comment       0x00000043       0x44 ./Src/I2Cx.o
 .comment       0x00000043       0x44 ./Src/NVIC.o
 .comment       0x00000043       0x44 ./Src/USARTx.o
 .comment       0x00000043       0x44 ./Src/main.o
 .comment       0x00000043       0x44 ./Src/sysmem.o
 .comment       0x00000043       0x44 ./Src/system_stm32l4xx.o

.debug_frame    0x00000000     0x1518
 .debug_frame   0x00000000      0x238 ./Src/CANx.o
 .debug_frame   0x00000238       0xb0 ./Src/GPIOx.o
 .debug_frame   0x000002e8      0x13c ./Src/I2Cx.o
 .debug_frame   0x00000424       0x38 ./Src/NVIC.o
 .debug_frame   0x0000045c       0xcc ./Src/USARTx.o
 .debug_frame   0x00000528      0x864 ./Src/main.o
 .debug_frame   0x00000d8c       0x34 ./Src/sysmem.o
 .debug_frame   0x00000dc0       0x58 ./Src/system_stm32l4xx.o
 .debug_frame   0x00000e18      0x144 C:/ST/STM32CubeIDE_1.15.1/STM32CubeIDE/plugins/com.st.stm32cube.ide.mcu.externaltools.gnu-tools-for-stm32.12.3.rel1.win32_1.0.100.202403111256/tools/bin/../lib/gcc/arm-none-eabi/12.3.1/../../../../arm-none-eabi/lib/thumb/v7e-m+fp/hard\libc_nano.a(libc_a-findfp.o)
 .debug_frame   0x00000f5c       0x7c C:/ST/STM32CubeIDE_1.15.1/STM32CubeIDE/plugins/com.st.stm32cube.ide.mcu.externaltools.gnu-tools-for-stm32.12.3.rel1.win32_1.0.100.202403111256/tools/bin/../lib/gcc/arm-none-eabi/12.3.1/../../../../arm-none-eabi/lib/thumb/v7e-m+fp/hard\libc_nano.a(libc_a-snprintf.o)
 .debug_frame   0x00000fd8       0x6c C:/ST/STM32CubeIDE_1.15.1/STM32CubeIDE/plugins/com.st.stm32cube.ide.mcu.externaltools.gnu-tools-for-stm32.12.3.rel1.win32_1.0.100.202403111256/tools/bin/../lib/gcc/arm-none-eabi/12.3.1/../../../../arm-none-eabi/lib/thumb/v7e-m+fp/hard\libc_nano.a(libc_a-sprintf.o)
 .debug_frame   0x00001044       0x38 C:/ST/STM32CubeIDE_1.15.1/STM32CubeIDE/plugins/com.st.stm32cube.ide.mcu.externaltools.gnu-tools-for-stm32.12.3.rel1.win32_1.0.100.202403111256/tools/bin/../lib/gcc/arm-none-eabi/12.3.1/../../../../arm-none-eabi/lib/thumb/v7e-m+fp/hard\libc_nano.a(libc_a-reent.o)
 .debug_frame   0x0000107c       0x20 C:/ST/STM32CubeIDE_1.15.1/STM32CubeIDE/plugins/com.st.stm32cube.ide.mcu.externaltools.gnu-tools-for-stm32.12.3.rel1.win32_1.0.100.202403111256/tools/bin/../lib/gcc/arm-none-eabi/12.3.1/../../../../arm-none-eabi/lib/thumb/v7e-m+fp/hard\libc_nano.a(libc_a-errno.o)
 .debug_frame   0x0000109c       0x2c C:/ST/STM32CubeIDE_1.15.1/STM32CubeIDE/plugins/com.st.stm32cube.ide.mcu.externaltools.gnu-tools-for-stm32.12.3.rel1.win32_1.0.100.202403111256/tools/bin/../lib/gcc/arm-none-eabi/12.3.1/../../../../arm-none-eabi/lib/thumb/v7e-m+fp/hard\libc_nano.a(libc_a-init.o)
 .debug_frame   0x000010c8       0xb0 C:/ST/STM32CubeIDE_1.15.1/STM32CubeIDE/plugins/com.st.stm32cube.ide.mcu.externaltools.gnu-tools-for-stm32.12.3.rel1.win32_1.0.100.202403111256/tools/bin/../lib/gcc/arm-none-eabi/12.3.1/../../../../arm-none-eabi/lib/thumb/v7e-m+fp/hard\libc_nano.a(libc_a-lock.o)
 .debug_frame   0x00001178       0x38 C:/ST/STM32CubeIDE_1.15.1/STM32CubeIDE/plugins/com.st.stm32cube.ide.mcu.externaltools.gnu-tools-for-stm32.12.3.rel1.win32_1.0.100.202403111256/tools/bin/../lib/gcc/arm-none-eabi/12.3.1/../../../../arm-none-eabi/lib/thumb/v7e-m+fp/hard\libc_nano.a(libc_a-freer.o)
 .debug_frame   0x000011b0       0x50 C:/ST/STM32CubeIDE_1.15.1/STM32CubeIDE/plugins/com.st.stm32cube.ide.mcu.externaltools.gnu-tools-for-stm32.12.3.rel1.win32_1.0.100.202403111256/tools/bin/../lib/gcc/arm-none-eabi/12.3.1/../../../../arm-none-eabi/lib/thumb/v7e-m+fp/hard\libc_nano.a(libc_a-mallocr.o)
 .debug_frame   0x00001200       0x30 C:/ST/STM32CubeIDE_1.15.1/STM32CubeIDE/plugins/com.st.stm32cube.ide.mcu.externaltools.gnu-tools-for-stm32.12.3.rel1.win32_1.0.100.202403111256/tools/bin/../lib/gcc/arm-none-eabi/12.3.1/../../../../arm-none-eabi/lib/thumb/v7e-m+fp/hard\libc_nano.a(libc_a-mlock.o)
 .debug_frame   0x00001230       0x90 C:/ST/STM32CubeIDE_1.15.1/STM32CubeIDE/plugins/com.st.stm32cube.ide.mcu.externaltools.gnu-tools-for-stm32.12.3.rel1.win32_1.0.100.202403111256/tools/bin/../lib/gcc/arm-none-eabi/12.3.1/../../../../arm-none-eabi/lib/thumb/v7e-m+fp/hard\libc_nano.a(libc_a-nano-svfprintf.o)
 .debug_frame   0x000012c0       0x60 C:/ST/STM32CubeIDE_1.15.1/STM32CubeIDE/plugins/com.st.stm32cube.ide.mcu.externaltools.gnu-tools-for-stm32.12.3.rel1.win32_1.0.100.202403111256/tools/bin/../lib/gcc/arm-none-eabi/12.3.1/../../../../arm-none-eabi/lib/thumb/v7e-m+fp/hard\libc_nano.a(libc_a-nano-vfprintf_i.o)
 .debug_frame   0x00001320       0x28 C:/ST/STM32CubeIDE_1.15.1/STM32CubeIDE/plugins/com.st.stm32cube.ide.mcu.externaltools.gnu-tools-for-stm32.12.3.rel1.win32_1.0.100.202403111256/tools/bin/../lib/gcc/arm-none-eabi/12.3.1/../../../../arm-none-eabi/lib/thumb/v7e-m+fp/hard\libc_nano.a(libc_a-memmove.o)
 .debug_frame   0x00001348       0x2c C:/ST/STM32CubeIDE_1.15.1/STM32CubeIDE/plugins/com.st.stm32cube.ide.mcu.externaltools.gnu-tools-for-stm32.12.3.rel1.win32_1.0.100.202403111256/tools/bin/../lib/gcc/arm-none-eabi/12.3.1/../../../../arm-none-eabi/lib/thumb/v7e-m+fp/hard\libc_nano.a(libc_a-sbrkr.o)
 .debug_frame   0x00001374       0x28 C:/ST/STM32CubeIDE_1.15.1/STM32CubeIDE/plugins/com.st.stm32cube.ide.mcu.externaltools.gnu-tools-for-stm32.12.3.rel1.win32_1.0.100.202403111256/tools/bin/../lib/gcc/arm-none-eabi/12.3.1/../../../../arm-none-eabi/lib/thumb/v7e-m+fp/hard\libc_nano.a(libc_a-memcpy-stub.o)
 .debug_frame   0x0000139c       0x3c C:/ST/STM32CubeIDE_1.15.1/STM32CubeIDE/plugins/com.st.stm32cube.ide.mcu.externaltools.gnu-tools-for-stm32.12.3.rel1.win32_1.0.100.202403111256/tools/bin/../lib/gcc/arm-none-eabi/12.3.1/../../../../arm-none-eabi/lib/thumb/v7e-m+fp/hard\libc_nano.a(libc_a-reallocr.o)
 .debug_frame   0x000013d8       0x20 C:/ST/STM32CubeIDE_1.15.1/STM32CubeIDE/plugins/com.st.stm32cube.ide.mcu.externaltools.gnu-tools-for-stm32.12.3.rel1.win32_1.0.100.202403111256/tools/bin/../lib/gcc/arm-none-eabi/12.3.1/../../../../arm-none-eabi/lib/thumb/v7e-m+fp/hard\libc_nano.a(libc_a-msizer.o)
 .debug_frame   0x000013f8       0xac C:/ST/STM32CubeIDE_1.15.1/STM32CubeIDE/plugins/com.st.stm32cube.ide.mcu.externaltools.gnu-tools-for-stm32.12.3.rel1.win32_1.0.100.202403111256/tools/bin/../lib/gcc/arm-none-eabi/12.3.1/thumb/v7e-m+fp/hard\libgcc.a(_arm_addsubdf3.o)
 .debug_frame   0x000014a4       0x50 C:/ST/STM32CubeIDE_1.15.1/STM32CubeIDE/plugins/com.st.stm32cube.ide.mcu.externaltools.gnu-tools-for-stm32.12.3.rel1.win32_1.0.100.202403111256/tools/bin/../lib/gcc/arm-none-eabi/12.3.1/thumb/v7e-m+fp/hard\libgcc.a(_arm_muldivdf3.o)
 .debug_frame   0x000014f4       0x24 C:/ST/STM32CubeIDE_1.15.1/STM32CubeIDE/plugins/com.st.stm32cube.ide.mcu.externaltools.gnu-tools-for-stm32.12.3.rel1.win32_1.0.100.202403111256/tools/bin/../lib/gcc/arm-none-eabi/12.3.1/thumb/v7e-m+fp/hard\libgcc.a(_arm_truncdfsf2.o)

.debug_line_str
                0x00000000       0x5b
 .debug_line_str
                0x00000000       0x5b ./Startup/startup_stm32l452retxp.o
