../Inc/core_cm4.h:1775:22:__NVIC_ClearPendingIRQ	16	static
../Inc/SSD1306.h:129:6:SSD1306_Init	8	static
../Inc/SSD1306.h:191:6:SSD1306_WriteString	24	static
../Inc/SSD1306.h:201:6:SSD1306_WriteChar	16	static
../Inc/SSD1306.h:331:6:Letra_A	8	static
../Inc/SSD1306.h:340:6:Letra_B	8	static
../Inc/SSD1306.h:350:6:Letra_C	8	static
../Inc/SSD1306.h:360:6:Letra_D	8	static
../Inc/SSD1306.h:370:6:Letra_E	8	static
../Inc/SSD1306.h:381:6:Letra_F	8	static
../Inc/SSD1306.h:392:6:Letra_G	8	static
../Inc/SSD1306.h:401:6:Letra_H	8	static
../Inc/SSD1306.h:410:6:Letra_I	8	static
../Inc/SSD1306.h:420:6:Letra_J	8	static
../Inc/SSD1306.h:429:6:Letra_K	8	static
../Inc/SSD1306.h:439:6:Letra_L	8	static
../Inc/SSD1306.h:449:6:Letra_M	8	static
../Inc/SSD1306.h:461:6:Letra_N	8	static
../Inc/SSD1306.h:472:6:Letra_O	8	static
../Inc/SSD1306.h:483:6:Letra_P	8	static
../Inc/SSD1306.h:493:6:Letra_Q	8	static
../Inc/SSD1306.h:503:6:Letra_R	8	static
../Inc/SSD1306.h:514:6:Letra_S	8	static
../Inc/SSD1306.h:524:6:Letra_T	8	static
../Inc/SSD1306.h:533:6:Letra_U	8	static
../Inc/SSD1306.h:545:6:Letra_V	8	static
../Inc/SSD1306.h:555:6:Letra_W	8	static
../Inc/SSD1306.h:567:6:Letra_X	8	static
../Inc/SSD1306.h:576:6:Letra_Y	8	static
../Inc/SSD1306.h:587:6:Letra_Z	8	static
../Inc/SSD1306.h:597:6:Espacio	8	static
../Inc/SSD1306.h:604:6:Admiracion	8	static
../Inc/SSD1306.h:615:6:Numero_1	8	static
../Inc/SSD1306.h:624:6:Numero_2	8	static
../Inc/SSD1306.h:634:6:Numero_3	8	static
../Inc/SSD1306.h:644:6:Numero_4	8	static
../Inc/SSD1306.h:654:6:Numero_5	8	static
../Inc/SSD1306.h:663:6:Numero_6	8	static
../Inc/SSD1306.h:674:6:Numero_7	8	static
../Inc/SSD1306.h:684:6:Numero_8	8	static
../Inc/SSD1306.h:694:6:Numero_9	8	static
../Inc/SSD1306.h:703:6:Numero_0	8	static
../Inc/SSD1306.h:713:6:DosPuntos	8	static
../Inc/SSD1306.h:719:6:Simbolo_Grados	8	static
../Inc/SSD1306.h:728:6:Flecha_Abajo	8	static
../Inc/SSD1306.h:747:6:Flecha_Arriba	8	static
../Inc/SSD1306.h:765:6:Flecha_Izquierda	8	static
../Inc/SSD1306.h:794:6:Flecha_Derecha	8	static
../Inc/SSD1306.h:826:6:Vacear	8	static
../Inc/SSD1306.h:848:6:SSD1306_Clear	16	static
../Inc/SSD1306.h:896:6:SSD1306_PosCom	24	static
../Inc/MPU6050.h:103:6:MPU6050_Init	8	static
../Inc/MPU6050.h:116:9:MPU6050_Read	24	static
../Src/main.c:131:5:main	16	static
../Src/main.c:422:6:Init_Peripheral	8	static
../Src/main.c:432:6:Conf_Peripheral	16	static
../Src/main.c:456:6:MPU6050_Read_Ace_Giro	8	static
../Src/main.c:471:6:SecuanciaInicio	8	static
../Src/main.c:525:6:delay	16	static
../Src/main.c:531:6:CAN1_RX0_IRQHandler	8	static
../Src/main.c:538:6:CAN1_RX1_IRQHandler	8	static
../Src/main.c:548:6:sendMessage	16	static
../Src/main.c:614:6:sendMessage_http_field1	120	static
../Src/main.c:635:6:sendMessage_http_field2	120	static
../Src/main.c:656:6:sendMessage_http_field3	120	static
../Src/main.c:681:6:sendMessage_http_field4	120	static
../Src/main.c:713:6:sendMessage_Cell	120	static
../Src/main.c:737:6:Obdii_Message	32	static
../Src/main.c:746:6:Get_Obdii_Data	8	static
../Src/main.c:808:6:SSD1306_Refresh	24	static
../Src/main.c:837:6:Send_Telemetry	8	static
